Archive member included to satisfy reference by file (symbol)

/usr/local/riscv/riscv-wch/bin/../lib/gcc/riscv-none-embed/8.2.0/../../../../riscv-none-embed/lib/rv32imac/ilp32/libg.a(lib_a-atexit.o)
                              /usr/local/riscv/riscv-wch/bin/../lib/gcc/riscv-none-embed/8.2.0/../../../../riscv-none-embed/lib/rv32imac/ilp32/crt0.o (atexit)
/usr/local/riscv/riscv-wch/bin/../lib/gcc/riscv-none-embed/8.2.0/../../../../riscv-none-embed/lib/rv32imac/ilp32/libg.a(lib_a-errno.o)
                              CMakeFiles/test.dir/syscalls.c.o (__errno)
/usr/local/riscv/riscv-wch/bin/../lib/gcc/riscv-none-embed/8.2.0/../../../../riscv-none-embed/lib/rv32imac/ilp32/libg.a(lib_a-exit.o)
                              /usr/local/riscv/riscv-wch/bin/../lib/gcc/riscv-none-embed/8.2.0/../../../../riscv-none-embed/lib/rv32imac/ilp32/crt0.o (exit)
/usr/local/riscv/riscv-wch/bin/../lib/gcc/riscv-none-embed/8.2.0/../../../../riscv-none-embed/lib/rv32imac/ilp32/libg.a(lib_a-fini.o)
                              /usr/local/riscv/riscv-wch/bin/../lib/gcc/riscv-none-embed/8.2.0/../../../../riscv-none-embed/lib/rv32imac/ilp32/crt0.o (__libc_fini_array)
/usr/local/riscv/riscv-wch/bin/../lib/gcc/riscv-none-embed/8.2.0/../../../../riscv-none-embed/lib/rv32imac/ilp32/libg.a(lib_a-impure.o)
                              /usr/local/riscv/riscv-wch/bin/../lib/gcc/riscv-none-embed/8.2.0/../../../../riscv-none-embed/lib/rv32imac/ilp32/libg.a(lib_a-exit.o) (_global_impure_ptr)
/usr/local/riscv/riscv-wch/bin/../lib/gcc/riscv-none-embed/8.2.0/../../../../riscv-none-embed/lib/rv32imac/ilp32/libg.a(lib_a-init.o)
                              /usr/local/riscv/riscv-wch/bin/../lib/gcc/riscv-none-embed/8.2.0/../../../../riscv-none-embed/lib/rv32imac/ilp32/crt0.o (__libc_init_array)
/usr/local/riscv/riscv-wch/bin/../lib/gcc/riscv-none-embed/8.2.0/../../../../riscv-none-embed/lib/rv32imac/ilp32/libg.a(lib_a-memset.o)
                              /usr/local/riscv/riscv-wch/bin/../lib/gcc/riscv-none-embed/8.2.0/../../../../riscv-none-embed/lib/rv32imac/ilp32/crt0.o (memset)
/usr/local/riscv/riscv-wch/bin/../lib/gcc/riscv-none-embed/8.2.0/../../../../riscv-none-embed/lib/rv32imac/ilp32/libg.a(lib_a-printf.o)
                              CMakeFiles/test.dir/main.c.o (printf)
/usr/local/riscv/riscv-wch/bin/../lib/gcc/riscv-none-embed/8.2.0/../../../../riscv-none-embed/lib/rv32imac/ilp32/libg.a(lib_a-puts.o)
                              CMakeFiles/test.dir/main.c.o (puts)
/usr/local/riscv/riscv-wch/bin/../lib/gcc/riscv-none-embed/8.2.0/../../../../riscv-none-embed/lib/rv32imac/ilp32/libg.a(lib_a-strlen.o)
                              /usr/local/riscv/riscv-wch/bin/../lib/gcc/riscv-none-embed/8.2.0/../../../../riscv-none-embed/lib/rv32imac/ilp32/libg.a(lib_a-puts.o) (strlen)
/usr/local/riscv/riscv-wch/bin/../lib/gcc/riscv-none-embed/8.2.0/../../../../riscv-none-embed/lib/rv32imac/ilp32/libg.a(lib_a-vfprintf.o)
                              /usr/local/riscv/riscv-wch/bin/../lib/gcc/riscv-none-embed/8.2.0/../../../../riscv-none-embed/lib/rv32imac/ilp32/libg.a(lib_a-printf.o) (_vfprintf_r)
/usr/local/riscv/riscv-wch/bin/../lib/gcc/riscv-none-embed/8.2.0/../../../../riscv-none-embed/lib/rv32imac/ilp32/libg.a(lib_a-wsetup.o)
                              /usr/local/riscv/riscv-wch/bin/../lib/gcc/riscv-none-embed/8.2.0/../../../../riscv-none-embed/lib/rv32imac/ilp32/libg.a(lib_a-vfprintf.o) (__swsetup_r)
/usr/local/riscv/riscv-wch/bin/../lib/gcc/riscv-none-embed/8.2.0/../../../../riscv-none-embed/lib/rv32imac/ilp32/libg.a(lib_a-__atexit.o)
                              /usr/local/riscv/riscv-wch/bin/../lib/gcc/riscv-none-embed/8.2.0/../../../../riscv-none-embed/lib/rv32imac/ilp32/libg.a(lib_a-atexit.o) (__register_exitproc)
/usr/local/riscv/riscv-wch/bin/../lib/gcc/riscv-none-embed/8.2.0/../../../../riscv-none-embed/lib/rv32imac/ilp32/libg.a(lib_a-__call_atexit.o)
                              /usr/local/riscv/riscv-wch/bin/../lib/gcc/riscv-none-embed/8.2.0/../../../../riscv-none-embed/lib/rv32imac/ilp32/libg.a(lib_a-exit.o) (__call_exitprocs)
/usr/local/riscv/riscv-wch/bin/../lib/gcc/riscv-none-embed/8.2.0/../../../../riscv-none-embed/lib/rv32imac/ilp32/libg.a(lib_a-fflush.o)
                              /usr/local/riscv/riscv-wch/bin/../lib/gcc/riscv-none-embed/8.2.0/../../../../riscv-none-embed/lib/rv32imac/ilp32/libg.a(lib_a-vfprintf.o) (_fflush_r)
/usr/local/riscv/riscv-wch/bin/../lib/gcc/riscv-none-embed/8.2.0/../../../../riscv-none-embed/lib/rv32imac/ilp32/libg.a(lib_a-findfp.o)
                              /usr/local/riscv/riscv-wch/bin/../lib/gcc/riscv-none-embed/8.2.0/../../../../riscv-none-embed/lib/rv32imac/ilp32/libg.a(lib_a-puts.o) (__sinit)
/usr/local/riscv/riscv-wch/bin/../lib/gcc/riscv-none-embed/8.2.0/../../../../riscv-none-embed/lib/rv32imac/ilp32/libg.a(lib_a-freer.o)
[...]
Memory Configuration

Name             Origin             Length             Attributes
FLASH            0x0000000000000000 0x0000000000040000 xr
RAM              0x0000000020000000 0x0000000000010000 xrw
*default*        0x0000000000000000 0xffffffffffffffff

Linker script and memory map

LOAD /usr/local/riscv/riscv-wch/bin/../lib/gcc/riscv-none-embed/8.2.0/../../../../riscv-none-embed/lib/rv32imac/ilp32/crt0.o
LOAD /usr/local/riscv/riscv-wch/bin/../lib/gcc/riscv-none-embed/8.2.0/rv32imac/ilp32/crtbegin.o
LOAD CMakeFiles/test.dir/__/Core/core_riscv.c.o
LOAD CMakeFiles/test.dir/__/Debug/debug.c.o
LOAD CMakeFiles/test.dir/main.c.o
LOAD CMakeFiles/test.dir/ch32v30x_it.c.o
LOAD CMakeFiles/test.dir/system_ch32v30x.c.o
LOAD CMakeFiles/test.dir/syscalls.c.o
LOAD CMakeFiles/test.dir/__/Peripheral/src/ch32v30x_adc.c.o
LOAD CMakeFiles/test.dir/__/Peripheral/src/ch32v30x_bkp.c.o
LOAD CMakeFiles/test.dir/__/Peripheral/src/ch32v30x_can.c.o
LOAD CMakeFiles/test.dir/__/Peripheral/src/ch32v30x_crc.c.o
LOAD CMakeFiles/test.dir/__/Peripheral/src/ch32v30x_dac.c.o
LOAD CMakeFiles/test.dir/__/Peripheral/src/ch32v30x_dbgmcu.c.o
LOAD CMakeFiles/test.dir/__/Peripheral/src/ch32v30x_dma.c.o
LOAD CMakeFiles/test.dir/__/Peripheral/src/ch32v30x_dvp.c.o
LOAD CMakeFiles/test.dir/__/Peripheral/src/ch32v30x_eth.c.o
LOAD CMakeFiles/test.dir/__/Peripheral/src/ch32v30x_exti.c.o
LOAD CMakeFiles/test.dir/__/Peripheral/src/ch32v30x_flash.c.o
LOAD CMakeFiles/test.dir/__/Peripheral/src/ch32v30x_fsmc.c.o
LOAD CMakeFiles/test.dir/__/Peripheral/src/ch32v30x_gpio.c.o
LOAD CMakeFiles/test.dir/__/Peripheral/src/ch32v30x_i2c.c.o
LOAD CMakeFiles/test.dir/__/Peripheral/src/ch32v30x_iwdg.c.o
LOAD CMakeFiles/test.dir/__/Peripheral/src/ch32v30x_misc.c.o
LOAD CMakeFiles/test.dir/__/Peripheral/src/ch32v30x_opa.c.o
LOAD CMakeFiles/test.dir/__/Peripheral/src/ch32v30x_pwr.c.o
LOAD CMakeFiles/test.dir/__/Peripheral/src/ch32v30x_rcc.c.o
LOAD CMakeFiles/test.dir/__/Peripheral/src/ch32v30x_rng.c.o
LOAD CMakeFiles/test.dir/__/Peripheral/src/ch32v30x_rtc.c.o
LOAD CMakeFiles/test.dir/__/Peripheral/src/ch32v30x_sdio.c.o
LOAD CMakeFiles/test.dir/__/Peripheral/src/ch32v30x_spi.c.o
LOAD CMakeFiles/test.dir/__/Peripheral/src/ch32v30x_tim.c.o
LOAD CMakeFiles/test.dir/__/Peripheral/src/ch32v30x_usart.c.o
LOAD CMakeFiles/test.dir/__/Peripheral/src/ch32v30x_wwdg.c.o
LOAD CMakeFiles/test.dir/__/Startup/startup_ch32v30x_D8C.S.o
LOAD /usr/local/riscv/riscv-wch/bin/../lib/gcc/riscv-none-embed/8.2.0/rv32imac/ilp32/libgcc.a
START GROUP
LOAD /usr/local/riscv/riscv-wch/bin/../lib/gcc/riscv-none-embed/8.2.0/rv32imac/ilp32/libgcc.a
LOAD /usr/local/riscv/riscv-wch/bin/../lib/gcc/riscv-none-embed/8.2.0/../../../../riscv-none-embed/lib/rv32imac/ilp32/libg.a
LOAD /usr/local/riscv/riscv-wch/bin/../lib/gcc/riscv-none-embed/8.2.0/../../../../riscv-none-embed/lib/rv32imac/ilp32/libc.a
END GROUP
LOAD /usr/local/riscv/riscv-wch/bin/../lib/gcc/riscv-none-embed/8.2.0/rv32imac/ilp32/libgcc.a
LOAD /usr/local/riscv/riscv-wch/bin/../lib/gcc/riscv-none-embed/8.2.0/rv32imac/ilp32/crtend.o
                0x0000000000000800                __stack_size = 0x800
                [!provide]                        PROVIDE (_stack_size = __stack_size)

.init           0x0000000000000000       0x38
                0x0000000000000000                _sinit = .
                0x0000000000000000                . = ALIGN (0x4)
 *(SORT_NONE(.init))
 .init          0x0000000000000000       0x38 CMakeFiles/test.dir/__/Startup/startup_ch32v30x_D8C.S.o
                0x0000000000000000                __start
                0x0000000000000038                . = ALIGN (0x4)
                0x0000000000000038                _einit = .

.vector         0x0000000000000038      0x1c8
 *(.vector)
 .vector        0x0000000000000038      0x1a0 CMakeFiles/test.dir/__/Startup/startup_ch32v30x_D8C.S.o
                0x0000000000000200                . = ALIGN (0x40)
 *fill*         0x00000000000001d8       0x28 

.text           0x0000000000000200    0x1fc10
                0x0000000000000200                . = ALIGN (0x4)
 *(.text)
 .text          0x0000000000000200       0x38 /usr/local/riscv/riscv-wch/bin/../lib/gcc/riscv-none-embed/8.2.0/../../../../riscv-none-embed/lib/rv32imac/ilp32/crt0.o
                0x0000000000000200                _start
                0x0000000000000236                _init
                0x0000000000000236                _fini
 .text          0x0000000000000238        0x0 /usr/local/riscv/riscv-wch/bin/../lib/gcc/riscv-none-embed/8.2.0/rv32imac/ilp32/crtbegin.o
 .text          0x0000000000000238      0x2bc CMakeFiles/test.dir/__/Core/core_riscv.c.o
                0x0000000000000238                __get_FFLAGS
                0x0000000000000252                __set_FFLAGS
                0x000000000000026c                __get_FRM
                0x0000000000000286                __set_FRM
                0x00000000000002a0                __get_FCSR
                0x00000000000002ba                __set_FCSR
                0x00000000000002d4                __get_MSTATUS
                0x00000000000002ee                __set_MSTATUS
                0x0000000000000308                __get_MISA
                0x0000000000000322                __set_MISA
                0x000000000000033c                __get_MIE
                0x0000000000000356                __set_MIE
                0x0000000000000370                __get_MTVEC
                0x000000000000038a                __set_MTVEC
                0x00000000000003a4                __get_MSCRATCH
                0x00000000000003be                __set_MSCRATCH
                0x00000000000003d8                __get_MEPC
                0x00000000000003f2                __set_MEPC
                0x000000000000040c                __get_MCAUSE
                0x0000000000000426                __set_MCAUSE
                0x0000000000000440                __get_MTVAL
                0x000000000000045a                __set_MTVAL
                0x0000000000000474                __get_MVENDORID
                0x000000000000048e                __get_MARCHID
                0x00000000000004a8                __get_MIMPID
                0x00000000000004c2                __get_MHARTID
                0x00000000000004dc                __get_SP
 .text          0x00000000000004f4      0x2b8 CMakeFiles/test.dir/__/Debug/debug.c.o
                0x00000000000004f4                Delay_Init
                0x000000000000053a                Delay_Us
                0x00000000000005be                Delay_Ms
                0x0000000000000642                USART_Printf_Init
                0x00000000000006c8                _write
                0x000000000000073e                _sbrk
 .text          0x00000000000007ac      0x462 CMakeFiles/test.dir/main.c.o
                0x00000000000007ac                Buffercmp
                0x0000000000000806                USARTx_CFG
                0x0000000000000968                DMA_INIT
                0x0000000000000ad4                main
 .text          0x0000000000000c0e       0x18 CMakeFiles/test.dir/ch32v30x_it.c.o
                0x0000000000000c0e                NMI_Handler
                0x0000000000000c1e                HardFault_Handler
 .text          0x0000000000000c26      0x390 CMakeFiles/test.dir/system_ch32v30x.c.o
                0x0000000000000c26                SystemInit
                0x0000000000000cbe                SystemCoreClockUpdate
 .text          0x0000000000000fb6      0x280 CMakeFiles/test.dir/syscalls.c.o
                0x0000000000000fb6                initialise_monitor_handles
                0x0000000000000fc4                _getpid
                0x0000000000000fd4                _kill
                0x0000000000000ffa                _exit
                0x0000000000001010                _read
                0x00000000000010c4                _close
                0x00000000000010d8                _fstat
                0x00000000000010f8                _isatty
                0x000000000000110c                _lseek
                0x0000000000001128                _open
                0x0000000000001150                _wait
                0x0000000000001172                _unlink
                0x0000000000001194                _times
                0x00000000000011a8                _stat
                0x00000000000011c8                _link
                0x00000000000011ee                _fork
                0x000000000000120c                _execve
 .text          0x0000000000001236      0xfdc CMakeFiles/test.dir/__/Peripheral/src/ch32v30x_adc.c.o
                0x0000000000001236                ADC_DeInit
                0x0000000000001296                ADC_Init
                0x0000000000001398                ADC_StructInit
                0x00000000000013dc                ADC_Cmd
                0x000000000000141a                ADC_DMACmd
                0x0000000000001458                ADC_ITConfig
                0x00000000000014b0                ADC_ResetCalibration
                0x00000000000014d2                ADC_GetResetCalibrationStatus
                0x0000000000001502                ADC_StartCalibration
                0x0000000000001524                ADC_GetCalibrationStatus
                0x0000000000001554                ADC_SoftwareStartConvCmd
                0x0000000000001598                ADC_GetSoftwareStartConvStatus
                0x00000000000015cc                ADC_DiscModeChannelCountConfig
                0x0000000000001628                ADC_DiscModeCmd
                0x000000000000166e                ADC_RegularChannelConfig
                0x00000000000018b6                ADC_ExternalTrigConvCmd
                0x00000000000018fa                ADC_GetConversionValue
                0x0000000000001916                ADC_GetDualModeConversionValue
                0x000000000000192e                ADC_AutoInjectedConvCmd
                0x000000000000196c                ADC_InjectedDiscModeCmd
                0x00000000000019ac                ADC_ExternalTrigInjectedConvConfig
                0x00000000000019f6                ADC_ExternalTrigInjectedConvCmd
                0x0000000000001a36                ADC_SoftwareStartInjectedConvCmd
                0x0000000000001a7a                ADC_GetSoftwareStartInjectedConvCmdStatus
                0x0000000000001aae                ADC_InjectedChannelConfig
                0x0000000000001c4a                ADC_InjectedSequencerLengthConfig
                0x0000000000001ca8                ADC_SetInjectedOffset
                0x0000000000001cee                ADC_GetInjectedConversionValue
                0x0000000000001d2e                ADC_AnalogWatchdogCmd
                0x0000000000001d7c                ADC_AnalogWatchdogThresholdsConfig
                0x0000000000001db0                ADC_AnalogWatchdogSingleChannelConfig
                0x0000000000001df8                ADC_TempSensorVrefintCmd
                0x0000000000001e48                ADC_GetFlagStatus
                0x0000000000001e82                ADC_ClearFlag
                0x0000000000001ea8                ADC_GetITStatus
                0x0000000000001f12                ADC_ClearITPendingBit
                0x0000000000001f4a                TempSensor_Volt_To_Temper
                0x0000000000001fbe                ADC_BufferCmd
                0x0000000000002002                Get_CalibrationValue
 .text          0x0000000000002212      0x336 CMakeFiles/test.dir/__/Peripheral/src/ch32v30x_bkp.c.o
                0x0000000000002212                BKP_DeInit
                0x0000000000002230                BKP_TamperPinLevelConfig
                0x0000000000002296                BKP_TamperPinCmd
                0x00000000000022fa                BKP_ITConfig
                0x000000000000235e                BKP_RTCOutputConfig
                0x00000000000023b0                BKP_SetRTCCalibrationValue
                0x0000000000002408                BKP_WriteBackupRegister
                0x000000000000244e                BKP_ReadBackupRegister
                0x000000000000248c                BKP_GetFlagStatus
                0x00000000000024b6                BKP_ClearFlag
                0x00000000000024ea                BKP_GetITStatus
                0x0000000000002514                BKP_ClearITPendingBit
 .text          0x0000000000002548     0x14e8 CMakeFiles/test.dir/__/Peripheral/src/ch32v30x_can.c.o
                0x0000000000002548                CAN_DeInit
                0x0000000000002598                CAN_Init
                0x00000000000027c6                CAN_FilterInit
                0x0000000000002a3e                CAN_StructInit
                0x0000000000002aae                CAN_SlaveStartBank
                0x0000000000002b3a                CAN_DBGFreeze
                0x0000000000002b7a                CAN_TTComModeCmd
                0x0000000000002c30                CAN_Transmit
                0x0000000000002e58                CAN_TransmitStatus
                0x0000000000002f76                CAN_CancelTransmit
                0x0000000000002fda                CAN_Receive
                0x00000000000031d8                CAN_FIFORelease
                0x0000000000003218                CAN_MessagePending
                0x0000000000003270                CAN_OperatingModeRequest
                0x000000000000339e                CAN_Sleep
                0x00000000000033e0                CAN_WakeUp
                0x000000000000344a                CAN_GetLastErrorCode
                0x0000000000003476                CAN_GetReceiveErrorCounter
                0x000000000000349c                CAN_GetLSBTransmitErrorCounter
                0x00000000000034c2                CAN_ITConfig
                0x000000000000350c                CAN_GetFlagStatus
                0x000000000000360c                CAN_ClearFlag
                0x00000000000036a2                CAN_GetITStatus
                0x00000000000038a8                CAN_ClearITPendingBit
 .text          0x0000000000003a30       0xd6 CMakeFiles/test.dir/__/Peripheral/src/ch32v30x_crc.c.o
                0x0000000000003a30                CRC_ResetDR
                0x0000000000003a46                CRC_CalcCRC
                0x0000000000003a68                CRC_CalcBlockCRC
                0x0000000000003ab8                CRC_GetCRC
                0x0000000000003acc                CRC_SetIDRegister
                0x0000000000003aec                CRC_GetIDRegister
 .text          0x0000000000003b06      0x40a CMakeFiles/test.dir/__/Peripheral/src/ch32v30x_dac.c.o
                0x0000000000003b06                DAC_DeInit
                0x0000000000003b2c                DAC_Init
                0x0000000000003bb8                DAC_StructInit
                0x0000000000003bea                DAC_Cmd
                0x0000000000003c4c                DAC_DMACmd
                0x0000000000003cae                DAC_SoftwareTriggerCmd
                0x0000000000003d14                DAC_DualSoftwareTriggerCmd
                0x0000000000003d5c                DAC_WaveGenerationCmd
                0x0000000000003dc6                DAC_SetChannel1Data
                0x0000000000003e0a                DAC_SetChannel2Data
                0x0000000000003e4e                DAC_SetDualChannelData
                0x0000000000003ece                DAC_GetDataOutputValue
 .text          0x0000000000003f10       0xb2 CMakeFiles/test.dir/__/Peripheral/src/ch32v30x_dbgmcu.c.o
                0x0000000000003f10                DBGMCU_GetREVID
                0x0000000000003f2a                DBGMCU_GetDEVID
                0x0000000000003f48                __get_DEBUG_CR
                0x0000000000003f62                __set_DEBUG_CR
                0x0000000000003f7c                DBGMCU_Config
 .text          0x0000000000003fc2      0x684 CMakeFiles/test.dir/__/Peripheral/src/ch32v30x_dma.c.o
                0x0000000000003fc2                DMA_DeInit
                0x00000000000042d4                DMA_Init
                0x000000000000437c                DMA_StructInit
                0x00000000000043e6                DMA_Cmd
                0x0000000000004426                DMA_ITConfig
                0x0000000000004470                DMA_SetCurrDataCounter
                0x0000000000004492                DMA_GetCurrDataCounter
                0x00000000000044ae                DMA_GetFlagStatus
                0x0000000000004526                DMA_ClearFlag
                0x000000000000457a                DMA_GetITStatus
                0x00000000000045f2                DMA_ClearITPendingBit
 .text          0x0000000000004646      0x228 CMakeFiles/test.dir/__/Peripheral/src/ch32v30x_dvp.c.o
                0x0000000000004646                DVP_INTCfg
                0x00000000000046ba                DVP_Mode
                0x0000000000004770                DVP_Cfg
 .text          0x000000000000486e     0x216a CMakeFiles/test.dir/__/Peripheral/src/ch32v30x_eth.c.o
                0x000000000000486e                ETH_DeInit
                0x0000000000004890                ETH_StructInit
                0x0000000000004a38                ETH_Start
                0x0000000000004a62                ETH_HandleTxPkt
                0x0000000000004b7a                ETH_HandleRxPkt
                0x0000000000004cae                ETH_GetRxPktSize
                0x0000000000004d04                ETH_DropRxPkt
                0x0000000000004d70                ETH_ReadPHYRegister
                0x0000000000004e3a                ETH_WritePHYRegister
                0x0000000000004f10                ETH_PHYLoopBackCmd
                0x0000000000004f7c                ETH_MACTransmissionCmd
                0x0000000000004fb4                ETH_MACReceptionCmd
                0x0000000000004fec                ETH_GetFlowControlBusyStatus
                0x0000000000005018                ETH_InitiatePauseControlFrame
                0x0000000000005036                ETH_BackPressureActivationCmd
                0x000000000000506e                ETH_GetMACFlagStatus
                0x00000000000050a2                ETH_GetMACITStatus
                0x00000000000050d6                ETH_MACITConfig
                0x000000000000511c                ETH_MACAddressConfig
                0x00000000000051b2                ETH_GetMACAddress
                0x000000000000526a                ETH_MACAddressPerfectFilterCmd
                0x00000000000052dc                ETH_MACAddressFilterConfig
                0x0000000000005350                ETH_MACAddressMaskBytesFilterConfig
                0x00000000000053b8                ETH_DMATxDescChainInit
                0x000000000000546c                ETH_DMATxDescRingInit
                0x000000000000551c                ETH_GetDMATxDescFlagStatus
                0x0000000000005554                ETH_GetDMATxDescCollisionCount
                0x0000000000005570                ETH_SetDMATxDescOwnBit
                0x0000000000005594                ETH_DMATxDescTransmitITConfig
                0x00000000000055d8                ETH_DMATxDescFrameSegmentConfig
                0x0000000000005600                ETH_DMATxDescChecksumInsertionConfig
                0x0000000000005628                ETH_DMATxDescCRCCmd
                0x000000000000566c                ETH_DMATxDescEndOfRingCmd
                0x00000000000056b0                ETH_DMATxDescSecondAddressChainedCmd
                0x00000000000056f4                ETH_DMATxDescShortFramePaddingCmd
                0x0000000000005738                ETH_DMATxDescTimeStampCmd
                0x000000000000577c                ETH_DMATxDescBufferSizeConfig
                0x00000000000057b2                ETH_DMARxDescChainInit
                0x0000000000005872                ETH_DMARxDescRingInit
                0x000000000000593c                ETH_GetDMARxDescFlagStatus
                0x0000000000005974                ETH_SetDMARxDescOwnBit
                0x0000000000005998                ETH_GetDMARxDescFrameLength
                0x00000000000059ba                ETH_DMARxDescReceiveITConfig
                0x0000000000005a00                ETH_DMARxDescEndOfRingCmd
                0x0000000000005a40                ETH_DMARxDescSecondAddressChainedCmd
                0x0000000000005a80                ETH_GetDMARxDescBufferSize
                0x0000000000005aba                ETH_SoftwareReset
                0x0000000000005ae0                ETH_GetSoftwareResetStatus
                0x0000000000005b10                ETH_GetlinkStaus
                0x0000000000005b40                ETH_GetDMAFlagStatus
                0x0000000000005b78                ETH_DMAClearFlag
                0x0000000000005b98                ETH_GetDMAITStatus
                0x0000000000005bd0                ETH_DMAClearITPendingBit
                0x0000000000005bf0                ETH_GetTransmitProcessState
                0x0000000000005c0a                ETH_GetReceiveProcessState
                0x0000000000005c26                ETH_FlushTransmitFIFO
                0x0000000000005c4e                ETH_GetFlushTransmitFIFOStatus
                0x0000000000005c82                ETH_DMATransmissionCmd
                0x0000000000005cce                ETH_DMAReceptionCmd
                0x0000000000005d18                ETH_DMAITConfig
                0x0000000000005d6e                ETH_GetDMAOverflowStatus
                0x0000000000005da6                ETH_GetRxOverflowMissedFrameCounter
                0x0000000000005dc4                ETH_GetBufferUnavailableMissedFrameCounter
                0x0000000000005de2                ETH_GetCurrentTxDescStartAddress
                0x0000000000005dfa                ETH_GetCurrentRxDescStartAddress
                0x0000000000005e12                ETH_GetCurrentTxBufferAddress
                0x0000000000005e26                ETH_GetCurrentRxBufferAddress
                0x0000000000005e3e                ETH_ResumeDMATransmission
                0x0000000000005e58                ETH_ResumeDMAReception
                0x0000000000005e72                ETH_ResetWakeUpFrameFilterRegisterPointer
                0x0000000000005e92                ETH_SetWakeUpFrameFilterRegister
                0x0000000000005ed6                ETH_GlobalUnicastWakeUpCmd
                0x0000000000005f10                ETH_GetPMTFlagStatus
                0x0000000000005f44                ETH_WakeUpFrameDetectionCmd
                0x0000000000005f7c                ETH_MagicPacketDetectionCmd
                0x0000000000005fb4                ETH_PowerDownCmd
                0x0000000000005fec                ETH_MMCCounterFreezeCmd
                0x000000000000602c                ETH_MMCResetOnReadCmd
                0x000000000000606c                ETH_MMCCounterRolloverCmd
                0x00000000000060ac                ETH_MMCCountersReset
                0x00000000000060ce                ETH_MMCITConfig
                0x0000000000006172                ETH_GetMMCITStatus
                0x00000000000061f2                ETH_GetMMCRegister
                0x0000000000006210                ETH_EnablePTPTimeStampAddend
                0x0000000000006232                ETH_EnablePTPTimeStampInterruptTrigger
                0x0000000000006254                ETH_EnablePTPTimeStampUpdate
                0x0000000000006276                ETH_InitializePTPTimeStamp
                0x0000000000006298                ETH_PTPUpdateMethodConfig
                0x00000000000062d8                ETH_PTPTimeStampCmd
                0x0000000000006318                ETH_GetPTPFlagStatus
                0x000000000000634e                ETH_SetPTPSubSecondIncrement
                0x000000000000636c                ETH_SetPTPTimeStampUpdate
                0x00000000000063a4                ETH_SetPTPTimeStampAddend
                0x00000000000063c2                ETH_SetPTPTargetTime
                0x00000000000063f0                ETH_GetPTPRegister
                0x000000000000640e                ETH_DMAPTPTxDescChainInit
                0x0000000000006510                ETH_DMAPTPRxDescChainInit
                0x000000000000661e                ETH_HandlePTPTxPkt
                0x00000000000067f4                ETH_HandlePTPRxPkt
                0x0000000000006976                RGMII_TXC_Delay
 .text          0x00000000000069d8      0x2ea CMakeFiles/test.dir/__/Peripheral/src/ch32v30x_exti.c.o
                0x00000000000069d8                EXTI_DeInit
                0x0000000000006a26                EXTI_Init
                0x0000000000006b96                EXTI_StructInit
                0x0000000000006bc8                EXTI_GenerateSWInterrupt
                0x0000000000006bf4                EXTI_GetFlagStatus
                0x0000000000006c2c                EXTI_ClearFlag
                0x0000000000006c4c                EXTI_GetITStatus
                0x0000000000006ca2                EXTI_ClearITPendingBit
 .text          0x0000000000006cc2     0x1078 CMakeFiles/test.dir/__/Peripheral/src/ch32v30x_flash.c.o
                0x0000000000006cc2                FLASH_Unlock
                0x0000000000006cec                FLASH_UnlockBank1
                0x0000000000006d16                FLASH_Lock
                0x0000000000006d34                FLASH_LockBank1
                0x0000000000006d52                FLASH_ErasePage
                0x0000000000006dcc                FLASH_EraseAllPages
                0x0000000000006e38                FLASH_EraseAllBank1Pages
                0x0000000000006ea4                FLASH_EraseOptionBytes
                0x0000000000007020                FLASH_ProgramWord
                0x00000000000070d4                FLASH_ProgramHalfWord
                0x0000000000007142                FLASH_ProgramOptionByteData
                0x00000000000072fc                FLASH_EnableWriteProtection
                0x00000000000074e6                FLASH_ReadOutProtection
                0x000000000000766a                FLASH_UserOptionByteConfig
                0x000000000000780a                FLASH_GetUserOptionByte
                0x0000000000007820                FLASH_GetWriteProtectionOptionByte
                0x0000000000007834                FLASH_GetReadOutProtectionStatus
                0x0000000000007860                FLASH_ITConfig
                0x00000000000078a6                FLASH_GetFlagStatus
                0x00000000000078fc                FLASH_ClearFlag
                0x0000000000007918                FLASH_GetStatus
                0x0000000000007960                FLASH_GetBank1Status
                0x00000000000079a8                FLASH_WaitForLastOperation
                0x00000000000079fc                FLASH_WaitForLastBank1Operation
                0x0000000000007a50                FLASH_Unlock_Fast
                0x0000000000007a96                FLASH_Lock_Fast
                0x0000000000007ab4                FLASH_ErasePage_Fast
                0x0000000000007b1c                FLASH_EraseBlock_32K_Fast
                0x0000000000007b86                FLASH_EraseBlock_64K_Fast
                0x0000000000007bf0                FLASH_ProgramPage_Fast
                0x0000000000007cb0                FLASH_Access_Clock_Cfg
                0x0000000000007ce8                FLASH_Enhance_Mode
 .text          0x0000000000007d3a      0x818 CMakeFiles/test.dir/__/Peripheral/src/ch32v30x_fsmc.c.o
                0x0000000000007d3a                FSMC_NORSRAMDeInit
                0x0000000000007daa                FSMC_NANDDeInit
                0x0000000000007e04                FSMC_NORSRAMInit
                0x0000000000007f98                FSMC_NANDInit
                0x0000000000008086                FSMC_NORSRAMStructInit
                0x0000000000008190                FSMC_NANDStructInit
                0x000000000000823a                FSMC_NORSRAMCmd
                0x000000000000829c                FSMC_NANDCmd
                0x0000000000008302                FSMC_NANDECCCmd
                0x000000000000836a                FSMC_GetECC
                0x000000000000839c                FSMC_ITConfig
                0x000000000000840a                FSMC_GetFlagStatus
                0x000000000000845c                FSMC_ClearFlag
                0x000000000000849a                FSMC_GetITStatus
                0x0000000000008512                FSMC_ClearITPendingBit
 .text          0x0000000000008552      0x828 CMakeFiles/test.dir/__/Peripheral/src/ch32v30x_gpio.c.o
                0x0000000000008552                GPIO_DeInit
                0x0000000000008614                GPIO_AFIODeInit
                0x0000000000008636                GPIO_Init
                0x0000000000008860                GPIO_StructInit
                0x000000000000888c                GPIO_ReadInputDataBit
                0x00000000000088c6                GPIO_ReadInputData
                0x00000000000088e2                GPIO_ReadOutputDataBit
                0x000000000000891c                GPIO_ReadOutputData
                0x0000000000008938                GPIO_SetBits
                0x000000000000895a                GPIO_ResetBits
                0x000000000000897c                GPIO_WriteBit
                0x00000000000089b4                GPIO_Write
                0x00000000000089d6                GPIO_PinLockConfig
                0x0000000000008a34                GPIO_EventOutputConfig
                0x0000000000008a96                GPIO_EventOutputCmd
                0x0000000000008ad0                GPIO_PinRemapConfig
                0x0000000000008c98                GPIO_EXTILineConfig
                0x0000000000008d3a                GPIO_ETH_MediaInterfaceConfig
 .text          0x0000000000008d7a      0xd6a CMakeFiles/test.dir/__/Peripheral/src/ch32v30x_i2c.c.o
                0x0000000000008d7a                I2C_DeInit
                0x0000000000008dca                I2C_Init
                0x0000000000009008                I2C_StructInit
                0x0000000000009054                I2C_Cmd
                0x00000000000090ac                I2C_DMACmd
                0x0000000000009112                I2C_DMALastTransferCmd
                0x0000000000009172                I2C_GenerateSTART
                0x00000000000091cc                I2C_GenerateSTOP
                0x0000000000009226                I2C_AcknowledgeConfig
                0x0000000000009280                I2C_OwnAddress2Config
                0x00000000000092e0                I2C_DualAddressCmd
                0x0000000000009338                I2C_GeneralCallCmd
                0x0000000000009392                I2C_ITConfig
                0x0000000000009402                I2C_SendData
                0x000000000000942c                I2C_ReceiveData
                0x000000000000944e                I2C_Send7bitAddress
                0x000000000000949e                I2C_ReadRegister
                0x00000000000094dc                I2C_SoftwareResetCmd
                0x000000000000953c                I2C_NACKPositionConfig
                0x00000000000095a8                I2C_SMBusAlertConfig
                0x000000000000960e                I2C_TransmitPEC
                0x000000000000966e                I2C_PECPositionConfig
                0x00000000000096da                I2C_CalculatePEC
                0x0000000000009734                I2C_GetPEC
                0x000000000000975c                I2C_ARPCmd
                0x00000000000097b4                I2C_StretchClockCmd
                0x000000000000980e                I2C_FastModeDutyCycleConfig
                0x0000000000009874                I2C_CheckEvent
                0x00000000000098fc                I2C_GetLastEvent
                0x000000000000995e                I2C_GetFlagStatus
                0x00000000000099e6                I2C_ClearFlag
                0x0000000000009a2a                I2C_GetITStatus
                0x0000000000009aa0                I2C_ClearITPendingBit
 .text          0x0000000000009ae4       0xc4 CMakeFiles/test.dir/__/Peripheral/src/ch32v30x_iwdg.c.o
                0x0000000000009ae4                IWDG_WriteAccessCmd
                0x0000000000009b02                IWDG_SetPrescaler
                0x0000000000009b20                IWDG_SetReload
                0x0000000000009b3e                IWDG_ReloadCounter
                0x0000000000009b58                IWDG_Enable
                0x0000000000009b72                IWDG_GetFlagStatus
 .text          0x0000000000009ba8      0x2ce CMakeFiles/test.dir/__/Peripheral/src/ch32v30x_misc.c.o
                0x0000000000009c36                NVIC_PriorityGroupConfig
                0x0000000000009c50                NVIC_Init
 .text          0x0000000000009e76      0x13c CMakeFiles/test.dir/__/Peripheral/src/ch32v30x_opa.c.o
                0x0000000000009e76                OPA_DeInit
                0x0000000000009e90                OPA_Init
                0x0000000000009f12                OPA_StructInit
                0x0000000000009f44                OPA_Cmd
 .text          0x0000000000009fb2      0x640 CMakeFiles/test.dir/__/Peripheral/src/ch32v30x_pwr.c.o
                0x0000000000009fb2                PWR_DeInit
                0x0000000000009fd8                PWR_BackupAccessCmd
                0x000000000000a012                PWR_PVDCmd
                0x000000000000a04a                PWR_PVDLevelConfig
                0x000000000000a08e                PWR_WakeUpPinCmd
                0x000000000000a0c8                PWR_EnterSTOPMode
                0x000000000000a1ce                PWR_EnterSTANDBYMode
                0x000000000000a238                PWR_GetFlagStatus
                0x000000000000a26c                PWR_ClearFlag
                0x000000000000a294                PWR_EnterSTANDBYMode_RAM
                0x000000000000a31c                PWR_EnterSTANDBYMode_RAM_LV
                0x000000000000a3b2                PWR_EnterSTANDBYMode_RAM_VBAT_EN
                0x000000000000a43a                PWR_EnterSTANDBYMode_RAM_LV_VBAT_EN
                0x000000000000a4d0                PWR_EnterSTOPMode_RAM_LV
 .text          0x000000000000a5f2     0x10d0 CMakeFiles/test.dir/__/Peripheral/src/ch32v30x_rcc.c.o
                0x000000000000a5f2                RCC_DeInit
                0x000000000000a684                RCC_HSEConfig
                0x000000000000a6fa                RCC_WaitForHSEStartUp
                0x000000000000a75a                RCC_AdjustHSICalibrationValue
                0x000000000000a7a2                RCC_HSICmd
                0x000000000000a7da                RCC_PLLConfig
                0x000000000000a84e                RCC_PLLCmd
                0x000000000000a88e                RCC_SYSCLKConfig
                0x000000000000a8d0                RCC_GetSYSCLKSource
                0x000000000000a8ee                RCC_HCLKConfig
                0x000000000000a932                RCC_PCLK1Config
                0x000000000000a976                RCC_PCLK2Config
                0x000000000000a9c0                RCC_ITConfig
                0x000000000000aa2c                RCC_ADCCLKConfig
                0x000000000000aa72                RCC_LSEConfig
                0x000000000000aad0                RCC_LSICmd
                0x000000000000ab08                RCC_RTCCLKConfig
                0x000000000000ab2c                RCC_RTCCLKCmd
                0x000000000000ab68                RCC_GetClocksFreq
                0x000000000000aefa                RCC_AHBPeriphClockCmd
                0x000000000000af40                RCC_APB2PeriphClockCmd
                0x000000000000af86                RCC_APB1PeriphClockCmd
                0x000000000000afcc                RCC_APB2PeriphResetCmd
                0x000000000000b012                RCC_APB1PeriphResetCmd
                0x000000000000b058                RCC_BackupResetCmd
                0x000000000000b094                RCC_ClockSecuritySystemCmd
                0x000000000000b0d4                RCC_MCOConfig
                0x000000000000b0f6                RCC_GetFlagStatus
                0x000000000000b184                RCC_ClearFlag
                0x000000000000b1a4                RCC_GetITStatus
                0x000000000000b1da                RCC_ClearITPendingBit
                0x000000000000b1fc                RCC_PREDIV1Config
                0x000000000000b24c                RCC_PREDIV2Config
                0x000000000000b290                RCC_PLL2Config
                0x000000000000b2d8                RCC_PLL2Cmd
                0x000000000000b318                RCC_PLL3Config
                0x000000000000b35e                RCC_PLL3Cmd
                0x000000000000b39e                RCC_OTGFSCLKConfig
                0x000000000000b3da                RCC_I2S2CLKConfig
                0x000000000000b414                RCC_I2S3CLKConfig
                0x000000000000b450                RCC_AHBPeriphResetCmd
                0x000000000000b496                RCC_ADCCLKADJcmd
                0x000000000000b4d8                RCC_RNGCLKConfig
                0x000000000000b514                RCC_ETH1GCLKConfig
                0x000000000000b550                RCC_ETH1G_125Mcmd
                0x000000000000b590                RCC_USBHSConfig
                0x000000000000b5cc                RCC_USBHSPLLCLKConfig
                0x000000000000b608                RCC_USBHSPLLCKREFCLKConfig
                0x000000000000b644                RCC_USBHSPHYPLLALIVEcmd
                0x000000000000b684                RCC_USBCLK48MConfig
 .text          0x000000000000b6c2      0x170 CMakeFiles/test.dir/__/Peripheral/src/ch32v30x_rng.c.o
                0x000000000000b6c2                RNG_Cmd
                0x000000000000b70a                RNG_GetRandomNumber
                0x000000000000b722                RNG_ITConfig
                0x000000000000b76a                RNG_GetFlagStatus
                0x000000000000b7a4                RNG_ClearFlag
                0x000000000000b7ce                RNG_GetITStatus
                0x000000000000b808                RNG_ClearITPendingBit
 .text          0x000000000000b832      0x432 CMakeFiles/test.dir/__/Peripheral/src/ch32v30x_rtc.c.o
                0x000000000000b832                RTC_ITConfig
                0x000000000000b8ac                RTC_EnterConfigMode
                0x000000000000b8e0                RTC_ExitConfigMode
                0x000000000000b912                RTC_GetCounter
                0x000000000000b990                RTC_SetCounter
                0x000000000000b9d6                RTC_SetPrescaler
                0x000000000000ba22                RTC_SetAlarm
                0x000000000000ba68                RTC_GetDivider
                0x000000000000bab8                RTC_WaitForLastTask
                0x000000000000bade                RTC_WaitForSynchro
                0x000000000000bb26                RTC_GetFlagStatus
                0x000000000000bb6c                RTC_ClearFlag
                0x000000000000bbb2                RTC_GetITStatus
                0x000000000000bc1e                RTC_ClearITPendingBit
 .text          0x000000000000bc64      0x696 CMakeFiles/test.dir/__/Peripheral/src/ch32v30x_sdio.c.o
                0x000000000000bc64                SDIO_DeInit
                0x000000000000bcc0                SDIO_Init
                0x000000000000bd36                SDIO_StructInit
                0x000000000000bd78                SDIO_ClockCmd
                0x000000000000bdb2                SDIO_SetPowerState
                0x000000000000bde4                SDIO_GetPowerState
                0x000000000000bdfa                SDIO_ITConfig
                0x000000000000be40                SDIO_DMACmd
                0x000000000000be78                SDIO_SendCommand
                0x000000000000bee2                SDIO_CmdStructInit
                0x000000000000bf1c                SDIO_GetCommandResponse
                0x000000000000bf34                SDIO_GetResponse
                0x000000000000bf60                SDIO_DataConfig
                0x000000000000bfd6                SDIO_DataStructInit
                0x000000000000c018                SDIO_GetDataCounter
                0x000000000000c02c                SDIO_ReadData
                0x000000000000c042                SDIO_WriteData
                0x000000000000c060                SDIO_GetFIFOCount
                0x000000000000c074                SDIO_StartSDIOReadWait
                0x000000000000c0ae                SDIO_StopSDIOReadWait
                0x000000000000c0e8                SDIO_SetSDIOReadWaitMode
                0x000000000000c122                SDIO_SetSDIOOperation
                0x000000000000c164                SDIO_SendSDIOSuspendCmd
                0x000000000000c1a6                SDIO_CommandCompletionCmd
                0x000000000000c1e2                SDIO_CEATAITCmd
                0x000000000000c21e                SDIO_SendCEATACmd
                0x000000000000c25a                SDIO_GetFlagStatus
                0x000000000000c28e                SDIO_ClearFlag
                0x000000000000c2aa                SDIO_GetITStatus
                0x000000000000c2de                SDIO_ClearITPendingBit
 .text          0x000000000000c2fa      0x9de CMakeFiles/test.dir/__/Peripheral/src/ch32v30x_spi.c.o
                0x000000000000c2fa                SPI_I2S_DeInit
                0x000000000000c370                SPI_Init
                0x000000000000c468                I2S_Init
                0x000000000000c682                SPI_StructInit
                0x000000000000c6d6                I2S_StructInit
                0x000000000000c718                SPI_Cmd
                0x000000000000c772                I2S_Cmd
                0x000000000000c7cc                SPI_I2S_ITConfig
                0x000000000000c860                SPI_I2S_DMACmd
                0x000000000000c8d0                SPI_I2S_SendData
                0x000000000000c8f4                SPI_I2S_ReceiveData
                0x000000000000c912                SPI_NSSInternalSoftwareConfig
                0x000000000000c976                SPI_SSOutputCmd
                0x000000000000c9ce                SPI_DataSizeConfig
                0x000000000000ca2c                SPI_TransmitCRC
                0x000000000000ca5e                SPI_CalculateCRC
                0x000000000000cabe                SPI_GetCRC
                0x000000000000cb02                SPI_GetCRCPolynomial
                0x000000000000cb20                SPI_BiDirectionalLineConfig
                0x000000000000cb86                SPI_I2S_GetFlagStatus
                0x000000000000cbcc                SPI_I2S_ClearFlag
                0x000000000000cbfa                SPI_I2S_GetITStatus
                0x000000000000cc96                SPI_I2S_ClearITPendingBit
 .text          0x000000000000ccd8     0x2b58 CMakeFiles/test.dir/__/Peripheral/src/ch32v30x_tim.c.o
                0x000000000000ccd8                TIM_DeInit
                0x000000000000ce48                TIM_TimeBaseInit
                0x000000000000cfc6                TIM_OC1Init
                0x000000000000d162                TIM_OC2Init
                0x000000000000d344                TIM_OC3Init
                0x000000000000d520                TIM_OC4Init
                0x000000000000d696                TIM_ICInit
                0x000000000000d7b4                TIM_PWMIConfig
                0x000000000000d8de                TIM_BDTRConfig
                0x000000000000d964                TIM_TimeBaseStructInit
                0x000000000000d9a0                TIM_OCStructInit
                0x000000000000d9f2                TIM_ICStructInit
                0x000000000000da2e                TIM_BDTRStructInit
                0x000000000000da78                TIM_Cmd
                0x000000000000dad0                TIM_CtrlPWMOutputs
                0x000000000000db30                TIM_ITConfig
                0x000000000000dba0                TIM_GenerateEvent
                0x000000000000dbc4                TIM_DMAConfig
                0x000000000000dbfc                TIM_DMACmd
                0x000000000000dc6c                TIM_InternalClockConfig
                0x000000000000dc9a                TIM_ITRxExternalClockConfig
                0x000000000000dce0                TIM_TIxExternalClockConfig
                0x000000000000dd6e                TIM_ETRClockMode1Config
                0x000000000000ddf8                TIM_ETRClockMode2Config
                0x000000000000de58                TIM_ETRConfig
                0x000000000000ded4                TIM_PrescalerConfig
                0x000000000000df0c                TIM_CounterModeConfig
                0x000000000000df5a                TIM_SelectInputTrigger
                0x000000000000dfa8                TIM_EncoderInterfaceConfig
                0x000000000000e080                TIM_ForcedOC1Config
                0x000000000000e0ce                TIM_ForcedOC2Config
                0x000000000000e126                TIM_ForcedOC3Config
                0x000000000000e174                TIM_ForcedOC4Config
                0x000000000000e1cc                TIM_ARRPreloadConfig
                0x000000000000e226                TIM_SelectCOM
                0x000000000000e27e                TIM_SelectCCDMA
                0x000000000000e2d6                TIM_CCPreloadControl
                0x000000000000e32e                TIM_OC1PreloadConfig
                0x000000000000e37a                TIM_OC2PreloadConfig
                0x000000000000e3d4                TIM_OC3PreloadConfig
                0x000000000000e420                TIM_OC4PreloadConfig
                0x000000000000e47a                TIM_OC1FastConfig
                0x000000000000e4c6                TIM_OC2FastConfig
                0x000000000000e51c                TIM_OC3FastConfig
                0x000000000000e568                TIM_OC4FastConfig
                0x000000000000e5be                TIM_ClearOC1Ref
                0x000000000000e60c                TIM_ClearOC2Ref
                0x000000000000e664                TIM_ClearOC3Ref
                0x000000000000e6b2                TIM_ClearOC4Ref
                0x000000000000e70a                TIM_OC1PolarityConfig
                0x000000000000e756                TIM_OC1NPolarityConfig
                0x000000000000e7a2                TIM_OC2PolarityConfig
                0x000000000000e7f8                TIM_OC2NPolarityConfig
                0x000000000000e84e                TIM_OC3PolarityConfig
                0x000000000000e8a4                TIM_OC3NPolarityConfig
                0x000000000000e8fe                TIM_OC4PolarityConfig
                0x000000000000e956                TIM_CCxCmd
                0x000000000000e9e0                TIM_CCxNCmd
                0x000000000000ea6a                TIM_SelectOCxM
                0x000000000000eb6e                TIM_UpdateDisableConfig
                0x000000000000ebc6                TIM_UpdateRequestConfig
                0x000000000000ec20                TIM_SelectHallSensor
                0x000000000000ec7a                TIM_SelectOnePulseMode
                0x000000000000ecd0                TIM_SelectOutputTrigger
                0x000000000000ed28                TIM_SelectSlaveMode
                0x000000000000ed7e                TIM_SelectMasterSlaveMode
                0x000000000000edd6                TIM_SetCounter
                0x000000000000edfa                TIM_SetAutoreload
                0x000000000000ee1e                TIM_SetCompare1
                0x000000000000ee42                TIM_SetCompare2
                0x000000000000ee66                TIM_SetCompare3
                0x000000000000ee8a                TIM_SetCompare4
                0x000000000000eeae                TIM_SetIC1Prescaler
                0x000000000000ef04                TIM_SetIC2Prescaler
                0x000000000000ef68                TIM_SetIC3Prescaler
                0x000000000000efbe                TIM_SetIC4Prescaler
                0x000000000000f022                TIM_SetClockDivision
                0x000000000000f07a                TIM_GetCapture1
                0x000000000000f098                TIM_GetCapture2
                0x000000000000f0b6                TIM_GetCapture3
                0x000000000000f0d4                TIM_GetCapture4
                0x000000000000f0f2                TIM_GetCounter
                0x000000000000f110                TIM_GetPrescaler
                0x000000000000f12e                TIM_GetFlagStatus
                0x000000000000f174                TIM_ClearFlag
                0x000000000000f1a2                TIM_GetITStatus
                0x000000000000f212                TIM_ClearITPendingBit
 .text          0x000000000000f830      0xd54 CMakeFiles/test.dir/__/Peripheral/src/ch32v30x_usart.c.o
                0x000000000000f830                USART_DeInit
                0x000000000000f968                USART_Init
                0x000000000000fb9c                USART_StructInit
                0x000000000000fbe4                USART_ClockInit
                0x000000000000fc72                USART_ClockStructInit
                0x000000000000fca4                USART_Cmd
                0x000000000000fd04                USART_ITConfig
                0x000000000000fdc8                USART_DMACmd
                0x000000000000fe38                USART_SetAddress
                0x000000000000fe92                USART_WakeUpConfig
                0x000000000000fef0                USART_ReceiverWakeUpCmd
                0x000000000000ff48                USART_LINBreakDetectLengthConfig
                0x000000000000ffa0                USART_LINCmd
                0x0000000000010000                USART_SendData
                0x000000000001002e                USART_ReceiveData
                0x0000000000010054                USART_SendBreak
                0x0000000000010084                USART_SetGuardTime
                0x00000000000100e6                USART_SetPrescaler
                0x0000000000010142                USART_SmartCardCmd
                0x000000000001019c                USART_SmartCardNACKCmd
                0x00000000000101f4                USART_HalfDuplexCmd
                0x000000000001024c                USART_OverSampling8Cmd
                0x00000000000102ac                USART_OneBitMethodCmd
                0x0000000000010312                USART_IrDAConfig
                0x0000000000010368                USART_IrDACmd
                0x00000000000103c0                USART_GetFlagStatus
                0x0000000000010406                USART_ClearFlag
                0x0000000000010434                USART_GetITStatus
                0x0000000000010536                USART_ClearITPendingBit
 .text          0x0000000000010584      0x160 CMakeFiles/test.dir/__/Peripheral/src/ch32v30x_wwdg.c.o
                0x0000000000010584                WWDG_DeInit
                0x00000000000105ae                WWDG_SetPrescaler
                0x00000000000105f2                WWDG_SetWindowValue
                0x000000000001063c                WWDG_EnableIT
                0x0000000000010662                WWDG_SetCounter
                0x0000000000010688                WWDG_Enable
                0x00000000000106b2                WWDG_GetFlagStatus
                0x00000000000106ca                WWDG_ClearFlag
 .text          0x00000000000106e4        0x0 CMakeFiles/test.dir/__/Startup/startup_ch32v30x_D8C.S.o
 .text          0x00000000000106e4        0x0 /usr/local/riscv/riscv-wch/bin/../lib/gcc/riscv-none-embed/8.2.0/../../../../riscv-none-embed/lib/rv32imac/ilp32/libg.a(lib_a-atexit.o)
 .text          0x00000000000106e4        0x0 /usr/local/riscv/riscv-wch/bin/../lib/gcc/riscv-none-embed/8.2.0/../../../../riscv-none-embed/lib/rv32imac/ilp32/libg.a(lib_a-errno.o)
 .text          0x00000000000106e4        0x0 /usr/local/riscv/riscv-wch/bin/../lib/gcc/riscv-none-embed/8.2.0/../../../../riscv-none-embed/lib/rv32imac/ilp32/libg.a(lib_a-exit.o)
 .text          0x00000000000106e4        0x0 /usr/local/riscv/riscv-wch/bin/../lib/gcc/riscv-none-embed/8.2.0/../../../../riscv-none-embed/lib/rv32imac/ilp32/libg.a(lib_a-fini.o)
 .text          0x00000000000106e4        0x0 /usr/local/riscv/riscv-wch/bin/../lib/gcc/riscv-none-embed/8.2.0/../../../../riscv-none-embed/lib/rv32imac/ilp32/libg.a(lib_a-impure.o)
 .text          0x00000000000106e4        0x0 /usr/local/riscv/riscv-wch/bin/../lib/gcc/riscv-none-embed/8.2.0/../../../../riscv-none-embed/lib/rv32imac/ilp32/libg.a(lib_a-init.o)
 .text          0x00000000000106e4       0xa8 /usr/local/riscv/riscv-wch/bin/../lib/gcc/riscv-none-embed/8.2.0/../../../../riscv-none-embed/lib/rv32imac/ilp32/libg.a(lib_a-memset.o)
                0x00000000000106e4                memset
 .text          0x000000000001078c        0x0 /usr/local/riscv/riscv-wch/bin/../lib/gcc/riscv-none-embed/8.2.0/../../../../riscv-none-embed/lib/rv32imac/ilp32/libg.a(lib_a-printf.o)
 .text          0x000000000001078c        0x0 /usr/local/riscv/riscv-wch/bin/../lib/gcc/riscv-none-embed/8.2.0/../../../../riscv-none-embed/lib/rv32imac/ilp32/libg.a(lib_a-puts.o)
 .text          0x000000000001078c        0x0 /usr/local/riscv/riscv-wch/bin/../lib/gcc/riscv-none-embed/8.2.0/../../../../riscv-none-embed/lib/rv32imac/ilp32/libg.a(lib_a-strlen.o)
 .text          0x000000000001078c        0x0 /usr/local/riscv/riscv-wch/bin/../lib/gcc/riscv-none-embed/8.2.0/../../../../riscv-none-embed/lib/rv32imac/ilp32/libg.a(lib_a-vfprintf.o)
 .text          0x000000000001078c        0x0 /usr/local/riscv/riscv-wch/bin/../lib/gcc/riscv-none-embed/8.2.0/../../../../riscv-none-embed/lib/rv32imac/ilp32/libg.a(lib_a-wsetup.o)
 .text          0x000000000001078c        0x0 /usr/local/riscv/riscv-wch/bin/../lib/gcc/riscv-none-embed/8.2.0/../../../../riscv-none-embed/lib/rv32imac/ilp32/libg.a(lib_a-__atexit.o)
 .text          0x000000000001078c        0x0 /usr/local/riscv/riscv-wch/bin/../lib/gcc/riscv-none-embed/8.2.0/../../../../riscv-none-embed/lib/rv32imac/ilp32/libg.a(lib_a-__call_atexit.o)
 .text          0x000000000001078c        0x0 /usr/local/riscv/riscv-wch/bin/../lib/gcc/riscv-none-embed/8.2.0/../../../../riscv-none-embed/lib/rv32imac/ilp32/libg.a(lib_a-fflush.o)
 .text          0x000000000001078c        0x0 /usr/local/riscv/riscv-wch/bin/../lib/gcc/riscv-none-embed/8.2.0/../../../../riscv-none-embed/lib/rv32imac/ilp32/libg.a(lib_a-findfp.o)
 .text          0x000000000001078c        0x0 /usr/local/riscv/riscv-wch/bin/../lib/gcc/riscv-none-embed/8.2.0/../../../../riscv-none-embed/lib/rv32imac/ilp32/libg.a(lib_a-freer.o)
 .text          0x000000000001078c        0x0 /usr/local/riscv/riscv-wch/bin/../lib/gcc/riscv-none-embed/8.2.0/../../../../riscv-none-embed/lib/rv32imac/ilp32/libg.a(lib_a-fvwrite.o)
 .text          0x000000000001078c        0x0 /usr/local/riscv/riscv-wch/bin/../lib/gcc/riscv-none-embed/8.2.0/../../../../riscv-none-embed/lib/rv32imac/ilp32/libg.a(lib_a-fwalk.o)
 .text          0x000000000001078c        0x0 /usr/local/riscv/riscv-wch/bin/../lib/gcc/riscv-none-embed/8.2.0/../../../../riscv-none-embed/lib/rv32imac/ilp32/libg.a(lib_a-ldtoa.o)
 .text          0x000000000001078c        0x0 /usr/local/riscv/riscv-wch/bin/../lib/gcc/riscv-none-embed/8.2.0/../../../../riscv-none-embed/lib/rv32imac/ilp32/libg.a(lib_a-localeconv.o)
 .text          0x000000000001078c        0x0 /usr/local/riscv/riscv-wch/bin/../lib/gcc/riscv-none-embed/8.2.0/../../../../riscv-none-embed/lib/rv32imac/ilp32/libg.a(lib_a-lock.o)
 .text          0x000000000001078c        0x0 /usr/local/riscv/riscv-wch/bin/../lib/gcc/riscv-none-embed/8.2.0/../../../../riscv-none-embed/lib/rv32imac/ilp32/libg.a(lib_a-makebuf.o)
 .text          0x000000000001078c        0x0 /usr/local/riscv/riscv-wch/bin/../lib/gcc/riscv-none-embed/8.2.0/../../../../riscv-none-embed/lib/rv32imac/ilp32/libg.a(lib_a-mallocr.o)
 .text          0x000000000001078c        0x0 /usr/local/riscv/riscv-wch/bin/../lib/gcc/riscv-none-embed/8.2.0/../../../../riscv-none-embed/lib/rv32imac/ilp32/libg.a(lib_a-memchr.o)
 .text          0x000000000001078c        0x0 /usr/local/riscv/riscv-wch/bin/../lib/gcc/riscv-none-embed/8.2.0/../../../../riscv-none-embed/lib/rv32imac/ilp32/libg.a(lib_a-memcpy.o)
 .text          0x000000000001078c        0x0 /usr/local/riscv/riscv-wch/bin/../lib/gcc/riscv-none-embed/8.2.0/../../../../riscv-none-embed/lib/rv32imac/ilp32/libg.a(lib_a-memmove.o)
 .text          0x000000000001078c        0x0 /usr/local/riscv/riscv-wch/bin/../lib/gcc/riscv-none-embed/8.2.0/../../../../riscv-none-embed/lib/rv32imac/ilp32/libg.a(lib_a-mlock.o)
 .text          0x000000000001078c        0x0 /usr/local/riscv/riscv-wch/bin/../lib/gcc/riscv-none-embed/8.2.0/../../../../riscv-none-embed/lib/rv32imac/ilp32/libg.a(lib_a-mprec.o)
 .text          0x000000000001078c        0x0 /usr/local/riscv/riscv-wch/bin/../lib/gcc/riscv-none-embed/8.2.0/../../../../riscv-none-embed/lib/rv32imac/ilp32/libg.a(lib_a-reallocr.o)
 .text          0x000000000001078c        0x0 /usr/local/riscv/riscv-wch/bin/../lib/gcc/riscv-none-embed/8.2.0/../../../../riscv-none-embed/lib/rv32imac/ilp32/libg.a(lib_a-s_frexp.o)
 .text          0x000000000001078c        0x0 /usr/local/riscv/riscv-wch/bin/../lib/gcc/riscv-none-embed/8.2.0/../../../../riscv-none-embed/lib/rv32imac/ilp32/libg.a(lib_a-sbrkr.o)
 .text          0x000000000001078c        0x0 /usr/local/riscv/riscv-wch/bin/../lib/gcc/riscv-none-embed/8.2.0/../../../../riscv-none-embed/lib/rv32imac/ilp32/libg.a(lib_a-sprintf.o)
 .text          0x000000000001078c        0x0 /usr/local/riscv/riscv-wch/bin/../lib/gcc/riscv-none-embed/8.2.0/../../../../riscv-none-embed/lib/rv32imac/ilp32/libg.a(lib_a-stdio.o)
 .text          0x000000000001078c        0x0 /usr/local/riscv/riscv-wch/bin/../lib/gcc/riscv-none-embed/8.2.0/../../../../riscv-none-embed/lib/rv32imac/ilp32/libg.a(lib_a-strcpy.o)
 .text          0x000000000001078c        0x0 /usr/local/riscv/riscv-wch/bin/../lib/gcc/riscv-none-embed/8.2.0/../../../../riscv-none-embed/lib/rv32imac/ilp32/libg.a(lib_a-strncpy.o)
 .text          0x000000000001078c        0x0 /usr/local/riscv/riscv-wch/bin/../lib/gcc/riscv-none-embed/8.2.0/../../../../riscv-none-embed/lib/rv32imac/ilp32/libg.a(lib_a-svfprintf.o)
 .text          0x000000000001078c        0x0 /usr/local/riscv/riscv-wch/bin/../lib/gcc/riscv-none-embed/8.2.0/../../../../riscv-none-embed/lib/rv32imac/ilp32/libg.a(lib_a-vfiprintf.o)
 .text          0x000000000001078c        0x0 /usr/local/riscv/riscv-wch/bin/../lib/gcc/riscv-none-embed/8.2.0/../../../../riscv-none-embed/lib/rv32imac/ilp32/libg.a(lib_a-writer.o)
 .text          0x000000000001078c        0x0 /usr/local/riscv/riscv-wch/bin/../lib/gcc/riscv-none-embed/8.2.0/../../../../riscv-none-embed/lib/rv32imac/ilp32/libg.a(lib_a-callocr.o)
 .text          0x000000000001078c        0x0 /usr/local/riscv/riscv-wch/bin/../lib/gcc/riscv-none-embed/8.2.0/../../../../riscv-none-embed/lib/rv32imac/ilp32/libg.a(lib_a-closer.o)
 .text          0x000000000001078c        0x0 /usr/local/riscv/riscv-wch/bin/../lib/gcc/riscv-none-embed/8.2.0/../../../../riscv-none-embed/lib/rv32imac/ilp32/libg.a(lib_a-fclose.o)
 .text          0x000000000001078c        0x0 /usr/local/riscv/riscv-wch/bin/../lib/gcc/riscv-none-embed/8.2.0/../../../../riscv-none-embed/lib/rv32imac/ilp32/libg.a(lib_a-fputwc.o)
 .text          0x000000000001078c        0x0 /usr/local/riscv/riscv-wch/bin/../lib/gcc/riscv-none-embed/8.2.0/../../../../riscv-none-embed/lib/rv32imac/ilp32/libg.a(lib_a-fstatr.o)
 .text          0x000000000001078c        0x0 /usr/local/riscv/riscv-wch/bin/../lib/gcc/riscv-none-embed/8.2.0/../../../../riscv-none-embed/lib/rv32imac/ilp32/libg.a(lib_a-isattyr.o)
 .text          0x000000000001078c        0x0 /usr/local/riscv/riscv-wch/bin/../lib/gcc/riscv-none-embed/8.2.0/../../../../riscv-none-embed/lib/rv32imac/ilp32/libg.a(lib_a-locale.o)
 .text          0x000000000001078c        0x0 /usr/local/riscv/riscv-wch/bin/../lib/gcc/riscv-none-embed/8.2.0/../../../../riscv-none-embed/lib/rv32imac/ilp32/libg.a(lib_a-lseekr.o)
 .text          0x000000000001078c        0x0 /usr/local/riscv/riscv-wch/bin/../lib/gcc/riscv-none-embed/8.2.0/../../../../riscv-none-embed/lib/rv32imac/ilp32/libg.a(lib_a-mbtowc_r.o)
 .text          0x000000000001078c        0x0 /usr/local/riscv/riscv-wch/bin/../lib/gcc/riscv-none-embed/8.2.0/../../../../riscv-none-embed/lib/rv32imac/ilp32/libg.a(lib_a-readr.o)
 .text          0x000000000001078c        0x0 /usr/local/riscv/riscv-wch/bin/../lib/gcc/riscv-none-embed/8.2.0/../../../../riscv-none-embed/lib/rv32imac/ilp32/libg.a(lib_a-reent.o)
 .text          0x000000000001078c      0x11e /usr/local/riscv/riscv-wch/bin/../lib/gcc/riscv-none-embed/8.2.0/../../../../riscv-none-embed/lib/rv32imac/ilp32/libg.a(lib_a-strcmp.o)
                0x000000000001078c                strcmp
 .text          0x00000000000108aa        0x0 /usr/local/riscv/riscv-wch/bin/../lib/gcc/riscv-none-embed/8.2.0/../../../../riscv-none-embed/lib/rv32imac/ilp32/libg.a(lib_a-svfiprintf.o)
 .text          0x00000000000108aa        0x0 /usr/local/riscv/riscv-wch/bin/../lib/gcc/riscv-none-embed/8.2.0/../../../../riscv-none-embed/lib/rv32imac/ilp32/libg.a(lib_a-wbuf.o)
 .text          0x00000000000108aa        0x0 /usr/local/riscv/riscv-wch/bin/../lib/gcc/riscv-none-embed/8.2.0/../../../../riscv-none-embed/lib/rv32imac/ilp32/libg.a(lib_a-wcrtomb.o)
 .text          0x00000000000108aa        0x0 /usr/local/riscv/riscv-wch/bin/../lib/gcc/riscv-none-embed/8.2.0/../../../../riscv-none-embed/lib/rv32imac/ilp32/libg.a(lib_a-wctomb_r.o)
 .text          0x00000000000108aa        0x0 /usr/local/riscv/riscv-wch/bin/../lib/gcc/riscv-none-embed/8.2.0/../../../../riscv-none-embed/lib/rv32imac/ilp32/libg.a(lib_a-ctype_.o)
 .text          0x00000000000108aa        0x0 /usr/local/riscv/riscv-wch/bin/../lib/gcc/riscv-none-embed/8.2.0/rv32imac/ilp32/libgcc.a(_udivdi3.o)
 .text          0x00000000000108aa        0x0 /usr/local/riscv/riscv-wch/bin/../lib/gcc/riscv-none-embed/8.2.0/rv32imac/ilp32/libgcc.a(_umoddi3.o)
 .text          0x00000000000108aa        0x0 /usr/local/riscv/riscv-wch/bin/../lib/gcc/riscv-none-embed/8.2.0/rv32imac/ilp32/libgcc.a(divdf3.o)
 .text          0x00000000000108aa        0x0 /usr/local/riscv/riscv-wch/bin/../lib/gcc/riscv-none-embed/8.2.0/rv32imac/ilp32/libgcc.a(muldf3.o)
 .text          0x00000000000108aa        0x0 /usr/local/riscv/riscv-wch/bin/../lib/gcc/riscv-none-embed/8.2.0/rv32imac/ilp32/libgcc.a(eqtf2.o)
 .text          0x00000000000108aa        0x0 /usr/local/riscv/riscv-wch/bin/../lib/gcc/riscv-none-embed/8.2.0/rv32imac/ilp32/libgcc.a(getf2.o)
 .text          0x00000000000108aa        0x0 /usr/local/riscv/riscv-wch/bin/../lib/gcc/riscv-none-embed/8.2.0/rv32imac/ilp32/libgcc.a(letf2.o)
 .text          0x00000000000108aa        0x0 /usr/local/riscv/riscv-wch/bin/../lib/gcc/riscv-none-embed/8.2.0/rv32imac/ilp32/libgcc.a(multf3.o)
 .text          0x00000000000108aa        0x0 /usr/local/riscv/riscv-wch/bin/../lib/gcc/riscv-none-embed/8.2.0/rv32imac/ilp32/libgcc.a(subtf3.o)
 .text          0x00000000000108aa        0x0 /usr/local/riscv/riscv-wch/bin/../lib/gcc/riscv-none-embed/8.2.0/rv32imac/ilp32/libgcc.a(fixtfsi.o)
 .text          0x00000000000108aa        0x0 /usr/local/riscv/riscv-wch/bin/../lib/gcc/riscv-none-embed/8.2.0/rv32imac/ilp32/libgcc.a(floatsitf.o)
 .text          0x00000000000108aa        0x0 /usr/local/riscv/riscv-wch/bin/../lib/gcc/riscv-none-embed/8.2.0/rv32imac/ilp32/libgcc.a(extenddftf2.o)
 .text          0x00000000000108aa        0x0 /usr/local/riscv/riscv-wch/bin/../lib/gcc/riscv-none-embed/8.2.0/rv32imac/ilp32/libgcc.a(trunctfdf2.o)
 .text          0x00000000000108aa        0x0 /usr/local/riscv/riscv-wch/bin/../lib/gcc/riscv-none-embed/8.2.0/rv32imac/ilp32/libgcc.a(_clz.o)
 .text          0x00000000000108aa        0x0 /usr/local/riscv/riscv-wch/bin/../lib/gcc/riscv-none-embed/8.2.0/rv32imac/ilp32/libgcc.a(_clzsi2.o)
 .text          0x00000000000108aa        0x0 /usr/local/riscv/riscv-wch/bin/../lib/gcc/riscv-none-embed/8.2.0/rv32imac/ilp32/crtend.o
 *(.text.*)
 .text.deregister_tm_clones
                0x00000000000108aa       0x1c /usr/local/riscv/riscv-wch/bin/../lib/gcc/riscv-none-embed/8.2.0/rv32imac/ilp32/crtbegin.o
 .text.register_tm_clones
                0x00000000000108c6       0x26 /usr/local/riscv/riscv-wch/bin/../lib/gcc/riscv-none-embed/8.2.0/rv32imac/ilp32/crtbegin.o
 .text.__do_global_dtors_aux
                0x00000000000108ec       0x34 /usr/local/riscv/riscv-wch/bin/../lib/gcc/riscv-none-embed/8.2.0/rv32imac/ilp32/crtbegin.o
 .text.frame_dummy
                0x0000000000010920       0x2a /usr/local/riscv/riscv-wch/bin/../lib/gcc/riscv-none-embed/8.2.0/rv32imac/ilp32/crtbegin.o
 .text.vector_handler
                0x000000000001094a       0xbe CMakeFiles/test.dir/__/Startup/startup_ch32v30x_D8C.S.o
                0x000000000001094e                Ecall_M_Mode_Handler
                0x0000000000010950                Ecall_U_Mode_Handler
                0x0000000000010952                Break_Point_Handler
                0x0000000000010954                SysTick_Handler
                0x0000000000010956                SW_Handler
                0x0000000000010958                WWDG_IRQHandler
                0x000000000001095a                PVD_IRQHandler
                0x000000000001095c                TAMPER_IRQHandler
                0x000000000001095e                RTC_IRQHandler
                0x0000000000010960                FLASH_IRQHandler
                0x0000000000010962                RCC_IRQHandler
                0x0000000000010964                EXTI0_IRQHandler
                0x0000000000010966                EXTI1_IRQHandler
                0x0000000000010968                EXTI2_IRQHandler
                0x000000000001096a                EXTI3_IRQHandler
                0x000000000001096c                EXTI4_IRQHandler
                0x000000000001096e                DMA1_Channel1_IRQHandler
                0x0000000000010970                DMA1_Channel2_IRQHandler
                0x0000000000010972                DMA1_Channel3_IRQHandler
                0x0000000000010974                DMA1_Channel4_IRQHandler
                0x0000000000010976                DMA1_Channel5_IRQHandler
                0x0000000000010978                DMA1_Channel6_IRQHandler
                0x000000000001097a                DMA1_Channel7_IRQHandler
                0x000000000001097c                ADC1_2_IRQHandler
                0x000000000001097e                USB_HP_CAN1_TX_IRQHandler
                0x0000000000010980                USB_LP_CAN1_RX0_IRQHandler
                0x0000000000010982                CAN1_RX1_IRQHandler
                0x0000000000010984                CAN1_SCE_IRQHandler
                0x0000000000010986                EXTI9_5_IRQHandler
                0x0000000000010988                TIM1_BRK_IRQHandler
                0x000000000001098a                TIM1_UP_IRQHandler
                0x000000000001098c                TIM1_TRG_COM_IRQHandler
                0x000000000001098e                TIM1_CC_IRQHandler
                0x0000000000010990                TIM2_IRQHandler
                0x0000000000010992                TIM3_IRQHandler
                0x0000000000010994                TIM4_IRQHandler
                0x0000000000010996                I2C1_EV_IRQHandler
                0x0000000000010998                I2C1_ER_IRQHandler
                0x000000000001099a                I2C2_EV_IRQHandler
                0x000000000001099c                I2C2_ER_IRQHandler
                0x000000000001099e                SPI1_IRQHandler
                0x00000000000109a0                SPI2_IRQHandler
                0x00000000000109a2                USART1_IRQHandler
                0x00000000000109a4                USART2_IRQHandler
                0x00000000000109a6                USART3_IRQHandler
                0x00000000000109a8                EXTI15_10_IRQHandler
                0x00000000000109aa                RTCAlarm_IRQHandler
                0x00000000000109ac                USBWakeUp_IRQHandler
                0x00000000000109ae                TIM8_BRK_IRQHandler
                0x00000000000109b0                TIM8_UP_IRQHandler
                0x00000000000109b2                TIM8_TRG_COM_IRQHandler
                0x00000000000109b4                TIM8_CC_IRQHandler
                0x00000000000109b6                RNG_IRQHandler
                0x00000000000109b8                FSMC_IRQHandler
                0x00000000000109ba                SDIO_IRQHandler
                0x00000000000109bc                TIM5_IRQHandler
                0x00000000000109be                SPI3_IRQHandler
                0x00000000000109c0                UART4_IRQHandler
                0x00000000000109c2                UART5_IRQHandler
                0x00000000000109c4                TIM6_IRQHandler
                0x00000000000109c6                TIM7_IRQHandler
                0x00000000000109c8                DMA2_Channel1_IRQHandler
                0x00000000000109ca                DMA2_Channel2_IRQHandler
                0x00000000000109cc                DMA2_Channel3_IRQHandler
                0x00000000000109ce                DMA2_Channel4_IRQHandler
                0x00000000000109d0                DMA2_Channel5_IRQHandler
                0x00000000000109d2                ETH_IRQHandler
                0x00000000000109d4                ETH_WKUP_IRQHandler
                0x00000000000109d6                CAN2_TX_IRQHandler
                0x00000000000109d8                CAN2_RX0_IRQHandler
                0x00000000000109da                CAN2_RX1_IRQHandler
                0x00000000000109dc                CAN2_SCE_IRQHandler
                0x00000000000109de                OTG_FS_IRQHandler
                0x00000000000109e0                USBHSWakeup_IRQHandler
                0x00000000000109e2                USBHS_IRQHandler
                0x00000000000109e4                DVP_IRQHandler
                0x00000000000109e6                UART6_IRQHandler
                0x00000000000109e8                UART7_IRQHandler
                0x00000000000109ea                UART8_IRQHandler
                0x00000000000109ec                TIM9_BRK_IRQHandler
                0x00000000000109ee                TIM9_UP_IRQHandler
                0x00000000000109f0                TIM9_TRG_COM_IRQHandler
                0x00000000000109f2                TIM9_CC_IRQHandler
                0x00000000000109f4                TIM10_BRK_IRQHandler
                0x00000000000109f6                TIM10_UP_IRQHandler
                0x00000000000109f8                TIM10_TRG_COM_IRQHandler
                0x00000000000109fa                TIM10_CC_IRQHandler
                0x00000000000109fc                DMA2_Channel6_IRQHandler
                0x00000000000109fe                DMA2_Channel7_IRQHandler
                0x0000000000010a00                DMA2_Channel8_IRQHandler
                0x0000000000010a02                DMA2_Channel9_IRQHandler
                0x0000000000010a04                DMA2_Channel10_IRQHandler
                0x0000000000010a06                DMA2_Channel11_IRQHandler
 .text.handle_reset
                0x0000000000010a08       0x8a CMakeFiles/test.dir/__/Startup/startup_ch32v30x_D8C.S.o
                0x0000000000010a08                handle_reset
 .text.atexit   0x0000000000010a92        0xc /usr/local/riscv/riscv-wch/bin/../lib/gcc/riscv-none-embed/8.2.0/../../../../riscv-none-embed/lib/rv32imac/ilp32/libg.a(lib_a-atexit.o)
                0x0000000000010a92                atexit
 .text.__errno  0x0000000000010a9e        0x8 /usr/local/riscv/riscv-wch/bin/../lib/gcc/riscv-none-embed/8.2.0/../../../../riscv-none-embed/lib/rv32imac/ilp32/libg.a(lib_a-errno.o)
                0x0000000000010a9e                __errno
 .text.exit     0x0000000000010aa6       0x20 /usr/local/riscv/riscv-wch/bin/../lib/gcc/riscv-none-embed/8.2.0/../../../../riscv-none-embed/lib/rv32imac/ilp32/libg.a(lib_a-exit.o)
                0x0000000000010aa6                exit
 .text.__libc_fini_array
                0x0000000000010ac6       0x3c /usr/local/riscv/riscv-wch/bin/../lib/gcc/riscv-none-embed/8.2.0/../../../../riscv-none-embed/lib/rv32imac/ilp32/libg.a(lib_a-fini.o)
                0x0000000000010ac6                __libc_fini_array
 .text.__libc_init_array
                0x0000000000010b02       0x6e /usr/local/riscv/riscv-wch/bin/../lib/gcc/riscv-none-embed/8.2.0/../../../../riscv-none-embed/lib/rv32imac/ilp32/libg.a(lib_a-init.o)
                0x0000000000010b02                __libc_init_array
 .text._printf_r
                0x0000000000010b70       0x22 /usr/local/riscv/riscv-wch/bin/../lib/gcc/riscv-none-embed/8.2.0/../../../../riscv-none-embed/lib/rv32imac/ilp32/libg.a(lib_a-printf.o)
                0x0000000000010b70                _printf_r
 .text.printf   0x0000000000010b92       0x30 /usr/local/riscv/riscv-wch/bin/../lib/gcc/riscv-none-embed/8.2.0/../../../../riscv-none-embed/lib/rv32imac/ilp32/libg.a(lib_a-printf.o)
                0x0000000000010b92                printf
 .text._puts_r  0x0000000000010bc2       0xc4 /usr/local/riscv/riscv-wch/bin/../lib/gcc/riscv-none-embed/8.2.0/../../../../riscv-none-embed/lib/rv32imac/ilp32/libg.a(lib_a-puts.o)
                0x0000000000010bc2                _puts_r
 .text.puts     0x0000000000010c86        0xa /usr/local/riscv/riscv-wch/bin/../lib/gcc/riscv-none-embed/8.2.0/../../../../riscv-none-embed/lib/rv32imac/ilp32/libg.a(lib_a-puts.o)
                0x0000000000010c86                puts
 .text.strlen   0x0000000000010c90       0x66 /usr/local/riscv/riscv-wch/bin/../lib/gcc/riscv-none-embed/8.2.0/../../../../riscv-none-embed/lib/rv32imac/ilp32/libg.a(lib_a-strlen.o)
                0x0000000000010c90                strlen
 .text._vfprintf_r
                0x0000000000010cf6     0x1e42 /usr/local/riscv/riscv-wch/bin/../lib/gcc/riscv-none-embed/8.2.0/../../../../riscv-none-embed/lib/rv32imac/ilp32/libg.a(lib_a-vfprintf.o)
                0x0000000000010cf6                _vfprintf_r
 .text.vfprintf
                0x0000000000012b38       0x10 /usr/local/riscv/riscv-wch/bin/../lib/gcc/riscv-none-embed/8.2.0/../../../../riscv-none-embed/lib/rv32imac/ilp32/libg.a(lib_a-vfprintf.o)
                0x0000000000012b38                vfprintf
 .text.__sbprintf
                0x0000000000012b48       0xae /usr/local/riscv/riscv-wch/bin/../lib/gcc/riscv-none-embed/8.2.0/../../../../riscv-none-embed/lib/rv32imac/ilp32/libg.a(lib_a-vfprintf.o)
 .text.__swsetup_r
                0x0000000000012bf6       0xf2 /usr/local/riscv/riscv-wch/bin/../lib/gcc/riscv-none-embed/8.2.0/../../../../riscv-none-embed/lib/rv32imac/ilp32/libg.a(lib_a-wsetup.o)
                0x0000000000012bf6                __swsetup_r
 .text.__register_exitproc
                0x0000000000012ce8       0x9c /usr/local/riscv/riscv-wch/bin/../lib/gcc/riscv-none-embed/8.2.0/../../../../riscv-none-embed/lib/rv32imac/ilp32/libg.a(lib_a-__atexit.o)
                0x0000000000012ce8                __register_exitproc
 .text.startup.register_fini
                0x0000000000012d84       0x18 /usr/local/riscv/riscv-wch/bin/../lib/gcc/riscv-none-embed/8.2.0/../../../../riscv-none-embed/lib/rv32imac/ilp32/libg.a(lib_a-__call_atexit.o)
 .text.__call_exitprocs
                0x0000000000012d9c       0xd4 /usr/local/riscv/riscv-wch/bin/../lib/gcc/riscv-none-embed/8.2.0/../../../../riscv-none-embed/lib/rv32imac/ilp32/libg.a(lib_a-__call_atexit.o)
                0x0000000000012d9c                __call_exitprocs
 .text.__sflush_r
                0x0000000000012e70      0x190 /usr/local/riscv/riscv-wch/bin/../lib/gcc/riscv-none-embed/8.2.0/../../../../riscv-none-embed/lib/rv32imac/ilp32/libg.a(lib_a-fflush.o)
                0x0000000000012e70                __sflush_r
 .text._fflush_r
                0x0000000000013000       0x80 /usr/local/riscv/riscv-wch/bin/../lib/gcc/riscv-none-embed/8.2.0/../../../../riscv-none-embed/lib/rv32imac/ilp32/libg.a(lib_a-fflush.o)
                0x0000000000013000                _fflush_r
 .text.fflush   0x0000000000013080       0x20 /usr/local/riscv/riscv-wch/bin/../lib/gcc/riscv-none-embed/8.2.0/../../../../riscv-none-embed/lib/rv32imac/ilp32/libg.a(lib_a-fflush.o)
                0x0000000000013080                fflush
 .text.std      0x00000000000130a0       0x70 /usr/local/riscv/riscv-wch/bin/../lib/gcc/riscv-none-embed/8.2.0/../../../../riscv-none-embed/lib/rv32imac/ilp32/libg.a(lib_a-findfp.o)
 .text._cleanup_r
                0x0000000000013110        0xc /usr/local/riscv/riscv-wch/bin/../lib/gcc/riscv-none-embed/8.2.0/../../../../riscv-none-embed/lib/rv32imac/ilp32/libg.a(lib_a-findfp.o)
                0x0000000000013110                _cleanup_r
 .text.__fp_lock
                0x000000000001311c       0x26 /usr/local/riscv/riscv-wch/bin/../lib/gcc/riscv-none-embed/8.2.0/../../../../riscv-none-embed/lib/rv32imac/ilp32/libg.a(lib_a-findfp.o)
 .text.__fp_unlock
                0x0000000000013142       0x26 /usr/local/riscv/riscv-wch/bin/../lib/gcc/riscv-none-embed/8.2.0/../../../../riscv-none-embed/lib/rv32imac/ilp32/libg.a(lib_a-findfp.o)
 .text.__sfmoreglue
                0x0000000000013168       0x48 /usr/local/riscv/riscv-wch/bin/../lib/gcc/riscv-none-embed/8.2.0/../../../../riscv-none-embed/lib/rv32imac/ilp32/libg.a(lib_a-findfp.o)
                0x0000000000013168                __sfmoreglue
 .text._cleanup
                0x00000000000131b0       0x12 /usr/local/riscv/riscv-wch/bin/../lib/gcc/riscv-none-embed/8.2.0/../../../../riscv-none-embed/lib/rv32imac/ilp32/libg.a(lib_a-findfp.o)
                0x00000000000131b0                _cleanup
 .text.__sinit  0x00000000000131c2       0x60 /usr/local/riscv/riscv-wch/bin/../lib/gcc/riscv-none-embed/8.2.0/../../../../riscv-none-embed/lib/rv32imac/ilp32/libg.a(lib_a-findfp.o)
                0x00000000000131c2                __sinit
 .text.__sfp    0x0000000000013222       0xda /usr/local/riscv/riscv-wch/bin/../lib/gcc/riscv-none-embed/8.2.0/../../../../riscv-none-embed/lib/rv32imac/ilp32/libg.a(lib_a-findfp.o)
                0x0000000000013222                __sfp
 .text.__sfp_lock_acquire
                0x00000000000132fc        0x8 /usr/local/riscv/riscv-wch/bin/../lib/gcc/riscv-none-embed/8.2.0/../../../../riscv-none-embed/lib/rv32imac/ilp32/libg.a(lib_a-findfp.o)
                0x00000000000132fc                __sfp_lock_acquire
 .text.__sfp_lock_release
                0x0000000000013304        0x8 /usr/local/riscv/riscv-wch/bin/../lib/gcc/riscv-none-embed/8.2.0/../../../../riscv-none-embed/lib/rv32imac/ilp32/libg.a(lib_a-findfp.o)
                0x0000000000013304                __sfp_lock_release
 .text.__sinit_lock_acquire
                0x000000000001330c        0x8 /usr/local/riscv/riscv-wch/bin/../lib/gcc/riscv-none-embed/8.2.0/../../../../riscv-none-embed/lib/rv32imac/ilp32/libg.a(lib_a-findfp.o)
                0x000000000001330c                __sinit_lock_acquire
 .text.__sinit_lock_release
                0x0000000000013314        0x8 /usr/local/riscv/riscv-wch/bin/../lib/gcc/riscv-none-embed/8.2.0/../../../../riscv-none-embed/lib/rv32imac/ilp32/libg.a(lib_a-findfp.o)
                0x0000000000013314                __sinit_lock_release
 .text.__fp_lock_all
                0x000000000001331c       0x20 /usr/local/riscv/riscv-wch/bin/../lib/gcc/riscv-none-embed/8.2.0/../../../../riscv-none-embed/lib/rv32imac/ilp32/libg.a(lib_a-findfp.o)
                0x000000000001331c                __fp_lock_all
 .text.__fp_unlock_all
                0x000000000001333c       0x20 /usr/local/riscv/riscv-wch/bin/../lib/gcc/riscv-none-embed/8.2.0/../../../../riscv-none-embed/lib/rv32imac/ilp32/libg.a(lib_a-findfp.o)
                0x000000000001333c                __fp_unlock_all
 .text._malloc_trim_r
                0x000000000001335c       0xcc /usr/local/riscv/riscv-wch/bin/../lib/gcc/riscv-none-embed/8.2.0/../../../../riscv-none-embed/lib/rv32imac/ilp32/libg.a(lib_a-freer.o)
                0x000000000001335c                _malloc_trim_r
 .text._free_r  0x0000000000013428      0x244 /usr/local/riscv/riscv-wch/bin/../lib/gcc/riscv-none-embed/8.2.0/../../../../riscv-none-embed/lib/rv32imac/ilp32/libg.a(lib_a-freer.o)
                0x0000000000013428                _free_r
 .text.__sfvwrite_r
                0x000000000001366c      0x340 /usr/local/riscv/riscv-wch/bin/../lib/gcc/riscv-none-embed/8.2.0/../../../../riscv-none-embed/lib/rv32imac/ilp32/libg.a(lib_a-fvwrite.o)
                0x000000000001366c                __sfvwrite_r
 .text._fwalk   0x00000000000139ac       0x74 /usr/local/riscv/riscv-wch/bin/../lib/gcc/riscv-none-embed/8.2.0/../../../../riscv-none-embed/lib/rv32imac/ilp32/libg.a(lib_a-fwalk.o)
                0x00000000000139ac                _fwalk
 .text._fwalk_reent
                0x0000000000013a20       0x7c /usr/local/riscv/riscv-wch/bin/../lib/gcc/riscv-none-embed/8.2.0/../../../../riscv-none-embed/lib/rv32imac/ilp32/libg.a(lib_a-fwalk.o)
                0x0000000000013a20                _fwalk_reent
 .text.eshdn1   0x0000000000013a9c       0x48 /usr/local/riscv/riscv-wch/bin/../lib/gcc/riscv-none-embed/8.2.0/../../../../riscv-none-embed/lib/rv32imac/ilp32/libg.a(lib_a-ldtoa.o)
 .text.eshup1   0x0000000000013ae4       0x4e /usr/local/riscv/riscv-wch/bin/../lib/gcc/riscv-none-embed/8.2.0/../../../../riscv-none-embed/lib/rv32imac/ilp32/libg.a(lib_a-ldtoa.o)
 .text.m16m     0x0000000000013b32       0x74 /usr/local/riscv/riscv-wch/bin/../lib/gcc/riscv-none-embed/8.2.0/../../../../riscv-none-embed/lib/rv32imac/ilp32/libg.a(lib_a-ldtoa.o)
 .text.eisnan.part.0
                0x0000000000013ba6       0x18 /usr/local/riscv/riscv-wch/bin/../lib/gcc/riscv-none-embed/8.2.0/../../../../riscv-none-embed/lib/rv32imac/ilp32/libg.a(lib_a-ldtoa.o)
 .text.eneg     0x0000000000013bbe       0x30 /usr/local/riscv/riscv-wch/bin/../lib/gcc/riscv-none-embed/8.2.0/../../../../riscv-none-embed/lib/rv32imac/ilp32/libg.a(lib_a-ldtoa.o)
 .text.eisneg   0x0000000000013bee       0x2a /usr/local/riscv/riscv-wch/bin/../lib/gcc/riscv-none-embed/8.2.0/../../../../riscv-none-embed/lib/rv32imac/ilp32/libg.a(lib_a-ldtoa.o)
 .text.emovi    0x0000000000013c18       0xa8 /usr/local/riscv/riscv-wch/bin/../lib/gcc/riscv-none-embed/8.2.0/../../../../riscv-none-embed/lib/rv32imac/ilp32/libg.a(lib_a-ldtoa.o)
 .text.ecmp     0x0000000000013cc0       0xcc /usr/local/riscv/riscv-wch/bin/../lib/gcc/riscv-none-embed/8.2.0/../../../../riscv-none-embed/lib/rv32imac/ilp32/libg.a(lib_a-ldtoa.o)
 .text.eisinf.part.1
                0x0000000000013d8c       0x12 /usr/local/riscv/riscv-wch/bin/../lib/gcc/riscv-none-embed/8.2.0/../../../../riscv-none-embed/lib/rv32imac/ilp32/libg.a(lib_a-ldtoa.o)
 .text.eshift.part.3
                0x0000000000013d9e      0x136 /usr/local/riscv/riscv-wch/bin/../lib/gcc/riscv-none-embed/8.2.0/../../../../riscv-none-embed/lib/rv32imac/ilp32/libg.a(lib_a-ldtoa.o)
 .text.enormlz  0x0000000000013ed4      0x110 /usr/local/riscv/riscv-wch/bin/../lib/gcc/riscv-none-embed/8.2.0/../../../../riscv-none-embed/lib/rv32imac/ilp32/libg.a(lib_a-ldtoa.o)
 .text.emdnorm  0x0000000000013fe4      0x2fa /usr/local/riscv/riscv-wch/bin/../lib/gcc/riscv-none-embed/8.2.0/../../../../riscv-none-embed/lib/rv32imac/ilp32/libg.a(lib_a-ldtoa.o)
 .text.eiremain
                0x00000000000142de       0xf4 /usr/local/riscv/riscv-wch/bin/../lib/gcc/riscv-none-embed/8.2.0/../../../../riscv-none-embed/lib/rv32imac/ilp32/libg.a(lib_a-ldtoa.o)
 .text.emovo.isra.6
                0x00000000000143d2       0x82 /usr/local/riscv/riscv-wch/bin/../lib/gcc/riscv-none-embed/8.2.0/../../../../riscv-none-embed/lib/rv32imac/ilp32/libg.a(lib_a-ldtoa.o)
 .text.emul     0x0000000000014454      0x304 /usr/local/riscv/riscv-wch/bin/../lib/gcc/riscv-none-embed/8.2.0/../../../../riscv-none-embed/lib/rv32imac/ilp32/libg.a(lib_a-ldtoa.o)
 .text.ediv     0x0000000000014758      0x3b2 /usr/local/riscv/riscv-wch/bin/../lib/gcc/riscv-none-embed/8.2.0/../../../../riscv-none-embed/lib/rv32imac/ilp32/libg.a(lib_a-ldtoa.o)
 .text.e113toe.isra.8
                0x0000000000014b0a       0xee /usr/local/riscv/riscv-wch/bin/../lib/gcc/riscv-none-embed/8.2.0/../../../../riscv-none-embed/lib/rv32imac/ilp32/libg.a(lib_a-ldtoa.o)
 .text._ldtoa_r
                0x0000000000014bf8      0xe5a /usr/local/riscv/riscv-wch/bin/../lib/gcc/riscv-none-embed/8.2.0/../../../../riscv-none-embed/lib/rv32imac/ilp32/libg.a(lib_a-ldtoa.o)
                0x0000000000014bf8                _ldtoa_r
 .text._ldcheck
                0x0000000000015a52       0x3e /usr/local/riscv/riscv-wch/bin/../lib/gcc/riscv-none-embed/8.2.0/../../../../riscv-none-embed/lib/rv32imac/ilp32/libg.a(lib_a-ldtoa.o)
                0x0000000000015a52                _ldcheck
 .text.__localeconv_l
                0x0000000000015a90        0x6 /usr/local/riscv/riscv-wch/bin/../lib/gcc/riscv-none-embed/8.2.0/../../../../riscv-none-embed/lib/rv32imac/ilp32/libg.a(lib_a-localeconv.o)
                0x0000000000015a90                __localeconv_l
 .text._localeconv_r
                0x0000000000015a96       0x1e /usr/local/riscv/riscv-wch/bin/../lib/gcc/riscv-none-embed/8.2.0/../../../../riscv-none-embed/lib/rv32imac/ilp32/libg.a(lib_a-localeconv.o)
                0x0000000000015a96                _localeconv_r
 .text.localeconv
                0x0000000000015ab4       0x1e /usr/local/riscv/riscv-wch/bin/../lib/gcc/riscv-none-embed/8.2.0/../../../../riscv-none-embed/lib/rv32imac/ilp32/libg.a(lib_a-localeconv.o)
                0x0000000000015ab4                localeconv
 .text.__retarget_lock_init
                0x0000000000015ad2        0x2 /usr/local/riscv/riscv-wch/bin/../lib/gcc/riscv-none-embed/8.2.0/../../../../riscv-none-embed/lib/rv32imac/ilp32/libg.a(lib_a-lock.o)
                0x0000000000015ad2                __retarget_lock_init
 .text.__retarget_lock_init_recursive
                0x0000000000015ad4        0x2 /usr/local/riscv/riscv-wch/bin/../lib/gcc/riscv-none-embed/8.2.0/../../../../riscv-none-embed/lib/rv32imac/ilp32/libg.a(lib_a-lock.o)
                0x0000000000015ad4                __retarget_lock_init_recursive
 .text.__retarget_lock_close
                0x0000000000015ad6        0x2 /usr/local/riscv/riscv-wch/bin/../lib/gcc/riscv-none-embed/8.2.0/../../../../riscv-none-embed/lib/rv32imac/ilp32/libg.a(lib_a-lock.o)
                0x0000000000015ad6                __retarget_lock_close
 .text.__retarget_lock_close_recursive
                0x0000000000015ad8        0x2 /usr/local/riscv/riscv-wch/bin/../lib/gcc/riscv-none-embed/8.2.0/../../../../riscv-none-embed/lib/rv32imac/ilp32/libg.a(lib_a-lock.o)
                0x0000000000015ad8                __retarget_lock_close_recursive
 .text.__retarget_lock_acquire
                0x0000000000015ada        0x2 /usr/local/riscv/riscv-wch/bin/../lib/gcc/riscv-none-embed/8.2.0/../../../../riscv-none-embed/lib/rv32imac/ilp32/libg.a(lib_a-lock.o)
                0x0000000000015ada                __retarget_lock_acquire
 .text.__retarget_lock_acquire_recursive
                0x0000000000015adc        0x2 /usr/local/riscv/riscv-wch/bin/../lib/gcc/riscv-none-embed/8.2.0/../../../../riscv-none-embed/lib/rv32imac/ilp32/libg.a(lib_a-lock.o)
                0x0000000000015adc                __retarget_lock_acquire_recursive
 .text.__retarget_lock_try_acquire
                0x0000000000015ade        0x4 /usr/local/riscv/riscv-wch/bin/../lib/gcc/riscv-none-embed/8.2.0/../../../../riscv-none-embed/lib/rv32imac/ilp32/libg.a(lib_a-lock.o)
                0x0000000000015ade                __retarget_lock_try_acquire
 .text.__retarget_lock_try_acquire_recursive
                0x0000000000015ae2        0x4 /usr/local/riscv/riscv-wch/bin/../lib/gcc/riscv-none-embed/8.2.0/../../../../riscv-none-embed/lib/rv32imac/ilp32/libg.a(lib_a-lock.o)
                0x0000000000015ae2                __retarget_lock_try_acquire_recursive
 .text.__retarget_lock_release
                0x0000000000015ae6        0x2 /usr/local/riscv/riscv-wch/bin/../lib/gcc/riscv-none-embed/8.2.0/../../../../riscv-none-embed/lib/rv32imac/ilp32/libg.a(lib_a-lock.o)
                0x0000000000015ae6                __retarget_lock_release
 .text.__retarget_lock_release_recursive
                0x0000000000015ae8        0x2 /usr/local/riscv/riscv-wch/bin/../lib/gcc/riscv-none-embed/8.2.0/../../../../riscv-none-embed/lib/rv32imac/ilp32/libg.a(lib_a-lock.o)
                0x0000000000015ae8                __retarget_lock_release_recursive
 .text.__swhatbuf_r
                0x0000000000015aea       0x82 /usr/local/riscv/riscv-wch/bin/../lib/gcc/riscv-none-embed/8.2.0/../../../../riscv-none-embed/lib/rv32imac/ilp32/libg.a(lib_a-makebuf.o)
                0x0000000000015aea                __swhatbuf_r
 .text.__smakebuf_r
                0x0000000000015b6c       0xb6 /usr/local/riscv/riscv-wch/bin/../lib/gcc/riscv-none-embed/8.2.0/../../../../riscv-none-embed/lib/rv32imac/ilp32/libg.a(lib_a-makebuf.o)
                0x0000000000015b6c                __smakebuf_r
 .text._malloc_r
                0x0000000000015c22      0x610 /usr/local/riscv/riscv-wch/bin/../lib/gcc/riscv-none-embed/8.2.0/../../../../riscv-none-embed/lib/rv32imac/ilp32/libg.a(lib_a-mallocr.o)
                0x0000000000015c22                _malloc_r
 .text.memchr   0x0000000000016232       0xa8 /usr/local/riscv/riscv-wch/bin/../lib/gcc/riscv-none-embed/8.2.0/../../../../riscv-none-embed/lib/rv32imac/ilp32/libg.a(lib_a-memchr.o)
                0x0000000000016232                memchr
 .text.memcpy   0x00000000000162da       0xe2 /usr/local/riscv/riscv-wch/bin/../lib/gcc/riscv-none-embed/8.2.0/../../../../riscv-none-embed/lib/rv32imac/ilp32/libg.a(lib_a-memcpy.o)
                0x00000000000162da                memcpy
 .text.memmove  0x00000000000163bc       0xd0 /usr/local/riscv/riscv-wch/bin/../lib/gcc/riscv-none-embed/8.2.0/../../../../riscv-none-embed/lib/rv32imac/ilp32/libg.a(lib_a-memmove.o)
                0x00000000000163bc                memmove
 .text.__malloc_lock
                0x000000000001648c        0x8 /usr/local/riscv/riscv-wch/bin/../lib/gcc/riscv-none-embed/8.2.0/../../../../riscv-none-embed/lib/rv32imac/ilp32/libg.a(lib_a-mlock.o)
                0x000000000001648c                __malloc_lock
 .text.__malloc_unlock
                0x0000000000016494        0x8 /usr/local/riscv/riscv-wch/bin/../lib/gcc/riscv-none-embed/8.2.0/../../../../riscv-none-embed/lib/rv32imac/ilp32/libg.a(lib_a-mlock.o)
                0x0000000000016494                __malloc_unlock
 .text._Balloc  0x000000000001649c       0x66 /usr/local/riscv/riscv-wch/bin/../lib/gcc/riscv-none-embed/8.2.0/../../../../riscv-none-embed/lib/rv32imac/ilp32/libg.a(lib_a-mprec.o)
                0x000000000001649c                _Balloc
 .text._Bfree   0x0000000000016502       0x12 /usr/local/riscv/riscv-wch/bin/../lib/gcc/riscv-none-embed/8.2.0/../../../../riscv-none-embed/lib/rv32imac/ilp32/libg.a(lib_a-mprec.o)
                0x0000000000016502                _Bfree
 .text.__multadd
                0x0000000000016514       0xb4 /usr/local/riscv/riscv-wch/bin/../lib/gcc/riscv-none-embed/8.2.0/../../../../riscv-none-embed/lib/rv32imac/ilp32/libg.a(lib_a-mprec.o)
                0x0000000000016514                __multadd
 .text.__s2b    0x00000000000165c8       0xa8 /usr/local/riscv/riscv-wch/bin/../lib/gcc/riscv-none-embed/8.2.0/../../../../riscv-none-embed/lib/rv32imac/ilp32/libg.a(lib_a-mprec.o)
                0x00000000000165c8                __s2b
 .text.__hi0bits
                0x0000000000016670       0x48 /usr/local/riscv/riscv-wch/bin/../lib/gcc/riscv-none-embed/8.2.0/../../../../riscv-none-embed/lib/rv32imac/ilp32/libg.a(lib_a-mprec.o)
                0x0000000000016670                __hi0bits
 .text.__lo0bits
                0x00000000000166b8       0x6e /usr/local/riscv/riscv-wch/bin/../lib/gcc/riscv-none-embed/8.2.0/../../../../riscv-none-embed/lib/rv32imac/ilp32/libg.a(lib_a-mprec.o)
                0x00000000000166b8                __lo0bits
 .text.__i2b    0x0000000000016726       0x1c /usr/local/riscv/riscv-wch/bin/../lib/gcc/riscv-none-embed/8.2.0/../../../../riscv-none-embed/lib/rv32imac/ilp32/libg.a(lib_a-mprec.o)
                0x0000000000016726                __i2b
 .text.__multiply
                0x0000000000016742      0x176 /usr/local/riscv/riscv-wch/bin/../lib/gcc/riscv-none-embed/8.2.0/../../../../riscv-none-embed/lib/rv32imac/ilp32/libg.a(lib_a-mprec.o)
                0x0000000000016742                __multiply
 .text.__pow5mult
                0x00000000000168b8       0xca /usr/local/riscv/riscv-wch/bin/../lib/gcc/riscv-none-embed/8.2.0/../../../../riscv-none-embed/lib/rv32imac/ilp32/libg.a(lib_a-mprec.o)
                0x00000000000168b8                __pow5mult
 .text.__lshift
                0x0000000000016982       0xe6 /usr/local/riscv/riscv-wch/bin/../lib/gcc/riscv-none-embed/8.2.0/../../../../riscv-none-embed/lib/rv32imac/ilp32/libg.a(lib_a-mprec.o)
                0x0000000000016982                __lshift
 .text.__mcmp   0x0000000000016a68       0x3a /usr/local/riscv/riscv-wch/bin/../lib/gcc/riscv-none-embed/8.2.0/../../../../riscv-none-embed/lib/rv32imac/ilp32/libg.a(lib_a-mprec.o)
                0x0000000000016a68                __mcmp
 .text.__mdiff  0x0000000000016aa2      0x142 /usr/local/riscv/riscv-wch/bin/../lib/gcc/riscv-none-embed/8.2.0/../../../../riscv-none-embed/lib/rv32imac/ilp32/libg.a(lib_a-mprec.o)
                0x0000000000016aa2                __mdiff
 .text.__ulp    0x0000000000016be4       0x46 /usr/local/riscv/riscv-wch/bin/../lib/gcc/riscv-none-embed/8.2.0/../../../../riscv-none-embed/lib/rv32imac/ilp32/libg.a(lib_a-mprec.o)